Archive member included to satisfy reference by file (symbol)

../Middlewares/ST/STM32_Audio/Addons/PDM/Lib/libPDMFilter_CM4_GCC_wc32.a(pdm_filter.o)
                              ./PDM2PCM/App/pdm2pcm.o (PDM_Filter_Init)
../Middlewares/ST/STM32_Audio/Addons/PDM/Lib/libPDMFilter_CM4_GCC_wc32.a(stm32_crc_lock.o)
                              ../Middlewares/ST/STM32_Audio/Addons/PDM/Lib/libPDMFilter_CM4_GCC_wc32.a(pdm_filter.o) (CRC_Lock)
/opt/st/stm32cubeide_1.13.2/plugins/com.st.stm32cube.ide.mcu.externaltools.gnu-tools-for-stm32.11.3.rel1.linux64_1.1.1.202309131626/tools/bin/../lib/gcc/arm-none-eabi/11.3.1/../../../../arm-none-eabi/lib/thumb/v7e-m+fp/hard/libc_nano.a(libc_a-exit.o)
                              /opt/st/stm32cubeide_1.13.2/plugins/com.st.stm32cube.ide.mcu.externaltools.gnu-tools-for-stm32.11.3.rel1.linux64_1.1.1.202309131626/tools/bin/../lib/gcc/arm-none-eabi/11.3.1/../../../../arm-none-eabi/lib/thumb/v7e-m+fp/hard/crt0.o (exit)
/opt/st/stm32cubeide_1.13.2/plugins/com.st.stm32cube.ide.mcu.externaltools.gnu-tools-for-stm32.11.3.rel1.linux64_1.1.1.202309131626/tools/bin/../lib/gcc/arm-none-eabi/11.3.1/../../../../arm-none-eabi/lib/thumb/v7e-m+fp/hard/libc_nano.a(libc_a-findfp.o)
                              /opt/st/stm32cubeide_1.13.2/plugins/com.st.stm32cube.ide.mcu.externaltools.gnu-tools-for-stm32.11.3.rel1.linux64_1.1.1.202309131626/tools/bin/../lib/gcc/arm-none-eabi/11.3.1/../../../../arm-none-eabi/lib/thumb/v7e-m+fp/hard/libc_nano.a(libc_a-exit.o) (__stdio_exit_handler)
/opt/st/stm32cubeide_1.13.2/plugins/com.st.stm32cube.ide.mcu.externaltools.gnu-tools-for-stm32.11.3.rel1.linux64_1.1.1.202309131626/tools/bin/../lib/gcc/arm-none-eabi/11.3.1/../../../../arm-none-eabi/lib/thumb/v7e-m+fp/hard/libc_nano.a(libc_a-fwalk.o)
                              /opt/st/stm32cubeide_1.13.2/plugins/com.st.stm32cube.ide.mcu.externaltools.gnu-tools-for-stm32.11.3.rel1.linux64_1.1.1.202309131626/tools/bin/../lib/gcc/arm-none-eabi/11.3.1/../../../../arm-none-eabi/lib/thumb/v7e-m+fp/hard/libc_nano.a(libc_a-findfp.o) (_fwalk_sglue)
/opt/st/stm32cubeide_1.13.2/plugins/com.st.stm32cube.ide.mcu.externaltools.gnu-tools-for-stm32.11.3.rel1.linux64_1.1.1.202309131626/tools/bin/../lib/gcc/arm-none-eabi/11.3.1/../../../../arm-none-eabi/lib/thumb/v7e-m+fp/hard/libc_nano.a(libc_a-puts.o)
                              ./Core/Src/main.o (puts)
/opt/st/stm32cubeide_1.13.2/plugins/com.st.stm32cube.ide.mcu.externaltools.gnu-tools-for-stm32.11.3.rel1.linux64_1.1.1.202309131626/tools/bin/../lib/gcc/arm-none-eabi/11.3.1/../../../../arm-none-eabi/lib/thumb/v7e-m+fp/hard/libc_nano.a(libc_a-stdio.o)
                              /opt/st/stm32cubeide_1.13.2/plugins/com.st.stm32cube.ide.mcu.externaltools.gnu-tools-for-stm32.11.3.rel1.linux64_1.1.1.202309131626/tools/bin/../lib/gcc/arm-none-eabi/11.3.1/../../../../arm-none-eabi/lib/thumb/v7e-m+fp/hard/libc_nano.a(libc_a-findfp.o) (__sread)
/opt/st/stm32cubeide_1.13.2/plugins/com.st.stm32cube.ide.mcu.externaltools.gnu-tools-for-stm32.11.3.rel1.linux64_1.1.1.202309131626/tools/bin/../lib/gcc/arm-none-eabi/11.3.1/../../../../arm-none-eabi/lib/thumb/v7e-m+fp/hard/libc_nano.a(libc_a-wbuf.o)
                              /opt/st/stm32cubeide_1.13.2/plugins/com.st.stm32cube.ide.mcu.externaltools.gnu-tools-for-stm32.11.3.rel1.linux64_1.1.1.202309131626/tools/bin/../lib/gcc/arm-none-eabi/11.3.1/../../../../arm-none-eabi/lib/thumb/v7e-m+fp/hard/libc_nano.a(libc_a-puts.o) (__swbuf_r)
/opt/st/stm32cubeide_1.13.2/plugins/com.st.stm32cube.ide.mcu.externaltools.gnu-tools-for-stm32.11.3.rel1.linux64_1.1.1.202309131626/tools/bin/../lib/gcc/arm-none-eabi/11.3.1/../../../../arm-none-eabi/lib/thumb/v7e-m+fp/hard/libc_nano.a(libc_a-wsetup.o)
                              /opt/st/stm32cubeide_1.13.2/plugins/com.st.stm32cube.ide.mcu.externaltools.gnu-tools-for-stm32.11.3.rel1.linux64_1.1.1.202309131626/tools/bin/../lib/gcc/arm-none-eabi/11.3.1/../../../../arm-none-eabi/lib/thumb/v7e-m+fp/hard/libc_nano.a(libc_a-puts.o) (__swsetup_r)
/opt/st/stm32cubeide_1.13.2/plugins/com.st.stm32cube.ide.mcu.externaltools.gnu-tools-for-stm32.11.3.rel1.linux64_1.1.1.202309131626/tools/bin/../lib/gcc/arm-none-eabi/11.3.1/../../../../arm-none-eabi/lib/thumb/v7e-m+fp/hard/libc_nano.a(libc_a-memset.o)
                              /opt/st/stm32cubeide_1.13.2/plugins/com.st.stm32cube.ide.mcu.externaltools.gnu-tools-for-stm32.11.3.rel1.linux64_1.1.1.202309131626/tools/bin/../lib/gcc/arm-none-eabi/11.3.1/../../../../arm-none-eabi/lib/thumb/v7e-m+fp/hard/crt0.o (memset)
/opt/st/stm32cubeide_1.13.2/plugins/com.st.stm32cube.ide.mcu.externaltools.gnu-tools-for-stm32.11.3.rel1.linux64_1.1.1.202309131626/tools/bin/../lib/gcc/arm-none-eabi/11.3.1/../../../../arm-none-eabi/lib/thumb/v7e-m+fp/hard/libc_nano.a(libc_a-closer.o)
[...]
Memory Configuration

Name             Origin             Length             Attributes
RAM              0x0000000020000000 0x0000000000020000 xrw
FLASH            0x0000000008000000 0x0000000000080000 xr
*default*        0x0000000000000000 0xffffffffffffffff

Linker script and memory map

LOAD /opt/st/stm32cubeide_1.13.2/plugins/com.st.stm32cube.ide.mcu.externaltools.gnu-tools-for-stm32.11.3.rel1.linux64_1.1.1.202309131626/tools/bin/../lib/gcc/arm-none-eabi/11.3.1/thumb/v7e-m+fp/hard/crti.o
LOAD /opt/st/stm32cubeide_1.13.2/plugins/com.st.stm32cube.ide.mcu.externaltools.gnu-tools-for-stm32.11.3.rel1.linux64_1.1.1.202309131626/tools/bin/../lib/gcc/arm-none-eabi/11.3.1/thumb/v7e-m+fp/hard/crtbegin.o
LOAD /opt/st/stm32cubeide_1.13.2/plugins/com.st.stm32cube.ide.mcu.externaltools.gnu-tools-for-stm32.11.3.rel1.linux64_1.1.1.202309131626/tools/bin/../lib/gcc/arm-none-eabi/11.3.1/../../../../arm-none-eabi/lib/thumb/v7e-m+fp/hard/crt0.o
LOAD ./Core/Src/main.o
LOAD ./Core/Src/stm32f4xx_hal_msp.o
LOAD ./Core/Src/stm32f4xx_it.o
LOAD ./Core/Src/syscalls.o
LOAD ./Core/Src/sysmem.o
LOAD ./Core/Src/system_stm32f4xx.o
LOAD ./Core/Startup/startup_stm32f411retx.o
LOAD ./Drivers/STM32F4xx_HAL_Driver/Src/stm32f4xx_hal.o
LOAD ./Drivers/STM32F4xx_HAL_Driver/Src/stm32f4xx_hal_cortex.o
LOAD ./Drivers/STM32F4xx_HAL_Driver/Src/stm32f4xx_hal_crc.o
LOAD ./Drivers/STM32F4xx_HAL_Driver/Src/stm32f4xx_hal_dma.o
LOAD ./Drivers/STM32F4xx_HAL_Driver/Src/stm32f4xx_hal_dma_ex.o
LOAD ./Drivers/STM32F4xx_HAL_Driver/Src/stm32f4xx_hal_exti.o
LOAD ./Drivers/STM32F4xx_HAL_Driver/Src/stm32f4xx_hal_flash.o
LOAD ./Drivers/STM32F4xx_HAL_Driver/Src/stm32f4xx_hal_flash_ex.o
LOAD ./Drivers/STM32F4xx_HAL_Driver/Src/stm32f4xx_hal_flash_ramfunc.o
LOAD ./Drivers/STM32F4xx_HAL_Driver/Src/stm32f4xx_hal_gpio.o
LOAD ./Drivers/STM32F4xx_HAL_Driver/Src/stm32f4xx_hal_i2s.o
LOAD ./Drivers/STM32F4xx_HAL_Driver/Src/stm32f4xx_hal_i2s_ex.o
LOAD ./Drivers/STM32F4xx_HAL_Driver/Src/stm32f4xx_hal_pwr.o
LOAD ./Drivers/STM32F4xx_HAL_Driver/Src/stm32f4xx_hal_pwr_ex.o
LOAD ./Drivers/STM32F4xx_HAL_Driver/Src/stm32f4xx_hal_rcc.o
LOAD ./Drivers/STM32F4xx_HAL_Driver/Src/stm32f4xx_hal_rcc_ex.o
LOAD ./Drivers/STM32F4xx_HAL_Driver/Src/stm32f4xx_hal_tim.o
LOAD ./Drivers/STM32F4xx_HAL_Driver/Src/stm32f4xx_hal_tim_ex.o
LOAD ./Drivers/STM32F4xx_HAL_Driver/Src/stm32f4xx_hal_uart.o
LOAD ./PDM2PCM/App/pdm2pcm.o
START GROUP
LOAD ../Middlewares/ST/STM32_Audio/Addons/PDM/Lib/libPDMFilter_CM4_GCC_wc32.a
LOAD ../Middlewares/ST/STM32_Audio/Addons/PDM/Lib/libPDMFilter_CM4_IAR_wc32.a
END GROUP
START GROUP
LOAD /opt/st/stm32cubeide_1.13.2/plugins/com.st.stm32cube.ide.mcu.externaltools.gnu-tools-for-stm32.11.3.rel1.linux64_1.1.1.202309131626/tools/bin/../lib/gcc/arm-none-eabi/11.3.1/../../../../arm-none-eabi/lib/thumb/v7e-m+fp/hard/libc_nano.a
LOAD /opt/st/stm32cubeide_1.13.2/plugins/com.st.stm32cube.ide.mcu.externaltools.gnu-tools-for-stm32.11.3.rel1.linux64_1.1.1.202309131626/tools/bin/../lib/gcc/arm-none-eabi/11.3.1/../../../../arm-none-eabi/lib/thumb/v7e-m+fp/hard/libm.a
END GROUP
START GROUP
LOAD /opt/st/stm32cubeide_1.13.2/plugins/com.st.stm32cube.ide.mcu.externaltools.gnu-tools-for-stm32.11.3.rel1.linux64_1.1.1.202309131626/tools/bin/../lib/gcc/arm-none-eabi/11.3.1/thumb/v7e-m+fp/hard/libgcc.a
LOAD /opt/st/stm32cubeide_1.13.2/plugins/com.st.stm32cube.ide.mcu.externaltools.gnu-tools-for-stm32.11.3.rel1.linux64_1.1.1.202309131626/tools/bin/../lib/gcc/arm-none-eabi/11.3.1/../../../../arm-none-eabi/lib/thumb/v7e-m+fp/hard/libc_nano.a
END GROUP
START GROUP
LOAD /opt/st/stm32cubeide_1.13.2/plugins/com.st.stm32cube.ide.mcu.externaltools.gnu-tools-for-stm32.11.3.rel1.linux64_1.1.1.202309131626/tools/bin/../lib/gcc/arm-none-eabi/11.3.1/thumb/v7e-m+fp/hard/libgcc.a
LOAD /opt/st/stm32cubeide_1.13.2/plugins/com.st.stm32cube.ide.mcu.externaltools.gnu-tools-for-stm32.11.3.rel1.linux64_1.1.1.202309131626/tools/bin/../lib/gcc/arm-none-eabi/11.3.1/../../../../arm-none-eabi/lib/thumb/v7e-m+fp/hard/libc_nano.a
LOAD /opt/st/stm32cubeide_1.13.2/plugins/com.st.stm32cube.ide.mcu.externaltools.gnu-tools-for-stm32.11.3.rel1.linux64_1.1.1.202309131626/tools/bin/../lib/gcc/arm-none-eabi/11.3.1/../../../../arm-none-eabi/lib/thumb/v7e-m+fp/hard/libnosys.a
END GROUP
START GROUP
LOAD /opt/st/stm32cubeide_1.13.2/plugins/com.st.stm32cube.ide.mcu.externaltools.gnu-tools-for-stm32.11.3.rel1.linux64_1.1.1.202309131626/tools/bin/../lib/gcc/arm-none-eabi/11.3.1/thumb/v7e-m+fp/hard/libgcc.a
LOAD /opt/st/stm32cubeide_1.13.2/plugins/com.st.stm32cube.ide.mcu.externaltools.gnu-tools-for-stm32.11.3.rel1.linux64_1.1.1.202309131626/tools/bin/../lib/gcc/arm-none-eabi/11.3.1/../../../../arm-none-eabi/lib/thumb/v7e-m+fp/hard/libc_nano.a
LOAD /opt/st/stm32cubeide_1.13.2/plugins/com.st.stm32cube.ide.mcu.externaltools.gnu-tools-for-stm32.11.3.rel1.linux64_1.1.1.202309131626/tools/bin/../lib/gcc/arm-none-eabi/11.3.1/../../../../arm-none-eabi/lib/thumb/v7e-m+fp/hard/libnosys.a
END GROUP
LOAD /opt/st/stm32cubeide_1.13.2/plugins/com.st.stm32cube.ide.mcu.externaltools.gnu-tools-for-stm32.11.3.rel1.linux64_1.1.1.202309131626/tools/bin/../lib/gcc/arm-none-eabi/11.3.1/thumb/v7e-m+fp/hard/crtend.o
LOAD /opt/st/stm32cubeide_1.13.2/plugins/com.st.stm32cube.ide.mcu.externaltools.gnu-tools-for-stm32.11.3.rel1.linux64_1.1.1.202309131626/tools/bin/../lib/gcc/arm-none-eabi/11.3.1/thumb/v7e-m+fp/hard/crtn.o
                0x0000000020020000                _estack = (ORIGIN (RAM) + LENGTH (RAM))
                0x0000000000000200                _Min_Heap_Size = 0x200
                0x0000000000000400                _Min_Stack_Size = 0x400

.isr_vector     0x0000000008000000      0x198
                0x0000000008000000                . = ALIGN (0x4)
 *(.isr_vector)
 .isr_vector    0x0000000008000000      0x198 ./Core/Startup/startup_stm32f411retx.o
                0x0000000008000000                g_pfnVectors
                0x0000000008000198                . = ALIGN (0x4)

.text           0x0000000008000198     0x65ec
                0x0000000008000198                . = ALIGN (0x4)
 *(.text)
 .text          0x0000000008000198       0x40 /opt/st/stm32cubeide_1.13.2/plugins/com.st.stm32cube.ide.mcu.externaltools.gnu-tools-for-stm32.11.3.rel1.linux64_1.1.1.202309131626/tools/bin/../lib/gcc/arm-none-eabi/11.3.1/thumb/v7e-m+fp/hard/crtbegin.o
 .text          0x00000000080001d8       0x30 /opt/st/stm32cubeide_1.13.2/plugins/com.st.stm32cube.ide.mcu.externaltools.gnu-tools-for-stm32.11.3.rel1.linux64_1.1.1.202309131626/tools/bin/../lib/gcc/arm-none-eabi/11.3.1/thumb/v7e-m+fp/hard/libgcc.a(_aeabi_uldivmod.o)
                0x00000000080001d8                __aeabi_uldivmod
 .text          0x0000000008000208      0x2c8 /opt/st/stm32cubeide_1.13.2/plugins/com.st.stm32cube.ide.mcu.externaltools.gnu-tools-for-stm32.11.3.rel1.linux64_1.1.1.202309131626/tools/bin/../lib/gcc/arm-none-eabi/11.3.1/thumb/v7e-m+fp/hard/libgcc.a(_udivmoddi4.o)
                0x0000000008000208                __udivmoddi4
 .text          0x00000000080004d0        0x4 /opt/st/stm32cubeide_1.13.2/plugins/com.st.stm32cube.ide.mcu.externaltools.gnu-tools-for-stm32.11.3.rel1.linux64_1.1.1.202309131626/tools/bin/../lib/gcc/arm-none-eabi/11.3.1/thumb/v7e-m+fp/hard/libgcc.a(_dvmd_tls.o)
                0x00000000080004d0                __aeabi_ldiv0
                0x00000000080004d0                __aeabi_idiv0
 *(.text*)
 .text.ITM_SendChar
                0x00000000080004d4       0x4e ./Core/Src/main.o
 *fill*         0x0000000008000522        0x2 
 .text.main     0x0000000008000524       0x4c ./Core/Src/main.o
                0x0000000008000524                main
 .text.SystemClock_Config
                0x0000000008000570       0xd0 ./Core/Src/main.o
                0x0000000008000570                SystemClock_Config
 .text.MX_CRC_Init
                0x0000000008000640       0x38 ./Core/Src/main.o
 .text.MX_I2S2_Init
                0x0000000008000678       0x5c ./Core/Src/main.o
 .text.MX_USART2_UART_Init
                0x00000000080006d4       0x54 ./Core/Src/main.o
 .text.MX_DMA_Init
                0x0000000008000728       0x40 ./Core/Src/main.o
 .text.MX_GPIO_Init
                0x0000000008000768       0xdc ./Core/Src/main.o
 .text._write   0x0000000008000844       0x38 ./Core/Src/main.o
                0x0000000008000844                _write
 .text.HAL_I2S_RxCpltCallback
                0x000000000800087c       0x40 ./Core/Src/main.o
                0x000000000800087c                HAL_I2S_RxCpltCallback
 .text.Error_Handler
                0x00000000080008bc        0xa ./Core/Src/main.o
                0x00000000080008bc                Error_Handler
 *fill*         0x00000000080008c6        0x2 
 .text.HAL_MspInit
                0x00000000080008c8       0x50 ./Core/Src/stm32f4xx_hal_msp.o
                0x00000000080008c8                HAL_MspInit
 .text.HAL_CRC_MspInit
                0x0000000008000918       0x44 ./Core/Src/stm32f4xx_hal_msp.o
                0x0000000008000918                HAL_CRC_MspInit
 .text.HAL_I2S_MspInit
                0x000000000800095c      0x174 ./Core/Src/stm32f4xx_hal_msp.o
                0x000000000800095c                HAL_I2S_MspInit
 .text.HAL_UART_MspInit
                0x0000000008000ad0       0x90 ./Core/Src/stm32f4xx_hal_msp.o
                0x0000000008000ad0                HAL_UART_MspInit
 .text.NMI_Handler
                0x0000000008000b60        0x6 ./Core/Src/stm32f4xx_it.o
                0x0000000008000b60                NMI_Handler
 .text.HardFault_Handler
                0x0000000008000b66        0x6 ./Core/Src/stm32f4xx_it.o
                0x0000000008000b66                HardFault_Handler
 .text.MemManage_Handler
                0x0000000008000b6c        0x6 ./Core/Src/stm32f4xx_it.o
                0x0000000008000b6c                MemManage_Handler
 .text.BusFault_Handler
                0x0000000008000b72        0x6 ./Core/Src/stm32f4xx_it.o
                0x0000000008000b72                BusFault_Handler
 .text.UsageFault_Handler
                0x0000000008000b78        0x6 ./Core/Src/stm32f4xx_it.o
                0x0000000008000b78                UsageFault_Handler
 .text.SVC_Handler
                0x0000000008000b7e        0xe ./Core/Src/stm32f4xx_it.o
                0x0000000008000b7e                SVC_Handler
 .text.DebugMon_Handler
                0x0000000008000b8c        0xe ./Core/Src/stm32f4xx_it.o
                0x0000000008000b8c                DebugMon_Handler
 .text.PendSV_Handler
                0x0000000008000b9a        0xe ./Core/Src/stm32f4xx_it.o
                0x0000000008000b9a                PendSV_Handler
 .text.SysTick_Handler
                0x0000000008000ba8        0xc ./Core/Src/stm32f4xx_it.o
                0x0000000008000ba8                SysTick_Handler
 .text.DMA1_Stream3_IRQHandler
                0x0000000008000bb4       0x14 ./Core/Src/stm32f4xx_it.o
                0x0000000008000bb4                DMA1_Stream3_IRQHandler
 .text._read    0x0000000008000bc8       0x3a ./Core/Src/syscalls.o
                0x0000000008000bc8                _read
 .text._close   0x0000000008000c02       0x18 ./Core/Src/syscalls.o
                0x0000000008000c02                _close
 .text._fstat   0x0000000008000c1a       0x20 ./Core/Src/syscalls.o
                0x0000000008000c1a                _fstat
 .text._isatty  0x0000000008000c3a       0x16 ./Core/Src/syscalls.o
                0x0000000008000c3a                _isatty
 .text._lseek   0x0000000008000c50       0x1a ./Core/Src/syscalls.o
                0x0000000008000c50                _lseek
 *fill*         0x0000000008000c6a        0x2 
 .text._sbrk    0x0000000008000c6c       0x6c ./Core/Src/sysmem.o
                0x0000000008000c6c                _sbrk
 .text.SystemInit
                0x0000000008000cd8       0x24 ./Core/Src/system_stm32f4xx.o
                0x0000000008000cd8                SystemInit
 .text.Reset_Handler
                0x0000000008000cfc       0x50 ./Core/Startup/startup_stm32f411retx.o
                0x0000000008000cfc                Reset_Handler
 .text.Default_Handler
                0x0000000008000d4c        0x2 ./Core/Startup/startup_stm32f411retx.o
                0x0000000008000d4c                RTC_Alarm_IRQHandler
                0x0000000008000d4c                EXTI2_IRQHandler
                0x0000000008000d4c                SPI4_IRQHandler
                0x0000000008000d4c                TIM1_CC_IRQHandler
                0x0000000008000d4c                DMA2_Stream5_IRQHandler
                0x0000000008000d4c                DMA1_Stream5_IRQHandler
                0x0000000008000d4c                PVD_IRQHandler
                0x0000000008000d4c                SDIO_IRQHandler
                0x0000000008000d4c                TAMP_STAMP_IRQHandler
                0x0000000008000d4c                EXTI3_IRQHandler
                0x0000000008000d4c                TIM1_UP_TIM10_IRQHandler
                0x0000000008000d4c                I2C3_ER_IRQHandler
                0x0000000008000d4c                EXTI0_IRQHandler
                0x0000000008000d4c                I2C2_EV_IRQHandler
                0x0000000008000d4c                DMA1_Stream2_IRQHandler
                0x0000000008000d4c                FPU_IRQHandler
                0x0000000008000d4c                DMA2_Stream2_IRQHandler
                0x0000000008000d4c                SPI1_IRQHandler
                0x0000000008000d4c                TIM1_BRK_TIM9_IRQHandler
                0x0000000008000d4c                DMA2_Stream3_IRQHandler
                0x0000000008000d4c                USART6_IRQHandler
                0x0000000008000d4c                DMA2_Stream0_IRQHandler
                0x0000000008000d4c                TIM4_IRQHandler
                0x0000000008000d4c                I2C1_EV_IRQHandler
                0x0000000008000d4c                DMA1_Stream6_IRQHandler
                0x0000000008000d4c                DMA1_Stream1_IRQHandler
                0x0000000008000d4c                TIM3_IRQHandler
                0x0000000008000d4c                RCC_IRQHandler
                0x0000000008000d4c                Default_Handler
                0x0000000008000d4c                EXTI15_10_IRQHandler
                0x0000000008000d4c                ADC_IRQHandler
                0x0000000008000d4c                DMA1_Stream7_IRQHandler
                0x0000000008000d4c                SPI5_IRQHandler
                0x0000000008000d4c                TIM5_IRQHandler
                0x0000000008000d4c                DMA2_Stream7_IRQHandler
                0x0000000008000d4c                I2C3_EV_IRQHandler
                0x0000000008000d4c                EXTI9_5_IRQHandler
                0x0000000008000d4c                RTC_WKUP_IRQHandler
                0x0000000008000d4c                SPI2_IRQHandler
                0x0000000008000d4c                DMA1_Stream0_IRQHandler
                0x0000000008000d4c                EXTI4_IRQHandler
                0x0000000008000d4c                WWDG_IRQHandler
                0x0000000008000d4c                TIM2_IRQHandler
                0x0000000008000d4c                OTG_FS_WKUP_IRQHandler
                0x0000000008000d4c                TIM1_TRG_COM_TIM11_IRQHandler
                0x0000000008000d4c                EXTI1_IRQHandler
                0x0000000008000d4c                USART2_IRQHandler
                0x0000000008000d4c                I2C2_ER_IRQHandler
                0x0000000008000d4c                DMA2_Stream1_IRQHandler
                0x0000000008000d4c                FLASH_IRQHandler
                0x0000000008000d4c                DMA2_Stream4_IRQHandler
                0x0000000008000d4c                USART1_IRQHandler
                0x0000000008000d4c                OTG_FS_IRQHandler
                0x0000000008000d4c                SPI3_IRQHandler
                0x0000000008000d4c                DMA1_Stream4_IRQHandler
                0x0000000008000d4c                I2C1_ER_IRQHandler
                0x0000000008000d4c                DMA2_Stream6_IRQHandler
 *fill*         0x0000000008000d4e        0x2 
 .text.HAL_Init
                0x0000000008000d50       0x44 ./Drivers/STM32F4xx_HAL_Driver/Src/stm32f4xx_hal.o
                0x0000000008000d50                HAL_Init
 .text.HAL_InitTick
                0x0000000008000d94       0x60 ./Drivers/STM32F4xx_HAL_Driver/Src/stm32f4xx_hal.o
                0x0000000008000d94                HAL_InitTick
 .text.HAL_IncTick
                0x0000000008000df4       0x28 ./Drivers/STM32F4xx_HAL_Driver/Src/stm32f4xx_hal.o
                0x0000000008000df4                HAL_IncTick
 .text.HAL_GetTick
                0x0000000008000e1c       0x18 ./Drivers/STM32F4xx_HAL_Driver/Src/stm32f4xx_hal.o
                0x0000000008000e1c                HAL_GetTick
 .text.HAL_Delay
                0x0000000008000e34       0x48 ./Drivers/STM32F4xx_HAL_Driver/Src/stm32f4xx_hal.o
                0x0000000008000e34                HAL_Delay
 .text.__NVIC_SetPriorityGrouping
                0x0000000008000e7c       0x48 ./Drivers/STM32F4xx_HAL_Driver/Src/stm32f4xx_hal_cortex.o
 .text.__NVIC_GetPriorityGrouping
                0x0000000008000ec4       0x1c ./Drivers/STM32F4xx_HAL_Driver/Src/stm32f4xx_hal_cortex.o
 .text.__NVIC_EnableIRQ
                0x0000000008000ee0       0x3c ./Drivers/STM32F4xx_HAL_Driver/Src/stm32f4xx_hal_cortex.o
 .text.__NVIC_SetPriority
                0x0000000008000f1c       0x54 ./Drivers/STM32F4xx_HAL_Driver/Src/stm32f4xx_hal_cortex.o
 .text.NVIC_EncodePriority
                0x0000000008000f70       0x66 ./Drivers/STM32F4xx_HAL_Driver/Src/stm32f4xx_hal_cortex.o
 *fill*         0x0000000008000fd6        0x2 
 .text.SysTick_Config
                0x0000000008000fd8       0x44 ./Drivers/STM32F4xx_HAL_Driver/Src/stm32f4xx_hal_cortex.o
 .text.HAL_NVIC_SetPriorityGrouping
                0x000000000800101c       0x16 ./Drivers/STM32F4xx_HAL_Driver/Src/stm32f4xx_hal_cortex.o
                0x000000000800101c                HAL_NVIC_SetPriorityGrouping
 .text.HAL_NVIC_SetPriority
                0x0000000008001032       0x38 ./Drivers/STM32F4xx_HAL_Driver/Src/stm32f4xx_hal_cortex.o
                0x0000000008001032                HAL_NVIC_SetPriority
 .text.HAL_NVIC_EnableIRQ
                0x000000000800106a       0x1c ./Drivers/STM32F4xx_HAL_Driver/Src/stm32f4xx_hal_cortex.o
                0x000000000800106a                HAL_NVIC_EnableIRQ
 .text.HAL_SYSTICK_Config
                0x0000000008001086       0x18 ./Drivers/STM32F4xx_HAL_Driver/Src/stm32f4xx_hal_cortex.o
                0x0000000008001086                HAL_SYSTICK_Config
 .text.HAL_CRC_Init
                0x000000000800109e       0x38 ./Drivers/STM32F4xx_HAL_Driver/Src/stm32f4xx_hal_crc.o
                0x000000000800109e                HAL_CRC_Init
 *fill*         0x00000000080010d6        0x2 
 .text.HAL_DMA_Init
                0x00000000080010d8      0x15c ./Drivers/STM32F4xx_HAL_Driver/Src/stm32f4xx_hal_dma.o
                0x00000000080010d8                HAL_DMA_Init
 .text.HAL_DMA_Start_IT
                0x0000000008001234       0xb0 ./Drivers/STM32F4xx_HAL_Driver/Src/stm32f4xx_hal_dma.o
                0x0000000008001234                HAL_DMA_Start_IT
 .text.HAL_DMA_IRQHandler
                0x00000000080012e4      0x314 ./Drivers/STM32F4xx_HAL_Driver/Src/stm32f4xx_hal_dma.o
                0x00000000080012e4                HAL_DMA_IRQHandler
 .text.DMA_SetConfig
                0x00000000080015f8       0x5c ./Drivers/STM32F4xx_HAL_Driver/Src/stm32f4xx_hal_dma.o
 .text.DMA_CalcBaseAndBitshift
                0x0000000008001654       0x6c ./Drivers/STM32F4xx_HAL_Driver/Src/stm32f4xx_hal_dma.o
 .text.DMA_CheckFifoParam
                0x00000000080016c0       0xf8 ./Drivers/STM32F4xx_HAL_Driver/Src/stm32f4xx_hal_dma.o
 .text.HAL_GPIO_Init
                0x00000000080017b8      0x308 ./Drivers/STM32F4xx_HAL_Driver/Src/stm32f4xx_hal_gpio.o
                0x00000000080017b8                HAL_GPIO_Init
 .text.HAL_GPIO_WritePin
                0x0000000008001ac0       0x32 ./Drivers/STM32F4xx_HAL_Driver/Src/stm32f4xx_hal_gpio.o
                0x0000000008001ac0                HAL_GPIO_WritePin
 *fill*         0x0000000008001af2        0x2 
 .text.HAL_I2S_Init
                0x0000000008001af4      0x280 ./Drivers/STM32F4xx_HAL_Driver/Src/stm32f4xx_hal_i2s.o
                0x0000000008001af4                HAL_I2S_Init
 .text.HAL_I2S_Receive_DMA
                0x0000000008001d74      0x178 ./Drivers/STM32F4xx_HAL_Driver/Src/stm32f4xx_hal_i2s.o
                0x0000000008001d74                HAL_I2S_Receive_DMA
 .text.HAL_I2S_TxCpltCallback
                0x0000000008001eec       0x14 ./Drivers/STM32F4xx_HAL_Driver/Src/stm32f4xx_hal_i2s.o
                0x0000000008001eec                HAL_I2S_TxCpltCallback
 .text.HAL_I2S_RxHalfCpltCallback
                0x0000000008001f00       0x14 ./Drivers/STM32F4xx_HAL_Driver/Src/stm32f4xx_hal_i2s.o
                0x0000000008001f00                HAL_I2S_RxHalfCpltCallback
 .text.HAL_I2S_ErrorCallback
                0x0000000008001f14       0x14 ./Drivers/STM32F4xx_HAL_Driver/Src/stm32f4xx_hal_i2s.o
                0x0000000008001f14                HAL_I2S_ErrorCallback
 .text.I2S_DMARxCplt
                0x0000000008001f28       0x42 ./Drivers/STM32F4xx_HAL_Driver/Src/stm32f4xx_hal_i2s.o
 .text.I2S_DMARxHalfCplt
                0x0000000008001f6a       0x1c ./Drivers/STM32F4xx_HAL_Driver/Src/stm32f4xx_hal_i2s.o
 .text.I2S_DMAError
                0x0000000008001f86       0x4c ./Drivers/STM32F4xx_HAL_Driver/Src/stm32f4xx_hal_i2s.o
 .text.I2S_Transmit_IT
                0x0000000008001fd2       0x5c ./Drivers/STM32F4xx_HAL_Driver/Src/stm32f4xx_hal_i2s.o
 .text.I2S_Receive_IT
                0x000000000800202e       0x5e ./Drivers/STM32F4xx_HAL_Driver/Src/stm32f4xx_hal_i2s.o
 .text.I2S_IRQHandler
                0x000000000800208c      0x114 ./Drivers/STM32F4xx_HAL_Driver/Src/stm32f4xx_hal_i2s.o
 .text.HAL_I2SEx_FullDuplex_IRQHandler
                0x00000000080021a0      0x2a8 ./Drivers/STM32F4xx_HAL_Driver/Src/stm32f4xx_hal_i2s_ex.o
                0x00000000080021a0                HAL_I2SEx_FullDuplex_IRQHandler
 .text.HAL_I2SEx_TxRxCpltCallback
                0x0000000008002448       0x14 ./Drivers/STM32F4xx_HAL_Driver/Src/stm32f4xx_hal_i2s_ex.o
                0x0000000008002448                HAL_I2SEx_TxRxCpltCallback
 .text.I2SEx_TxISR_I2S
                0x000000000800245c       0x62 ./Drivers/STM32F4xx_HAL_Driver/Src/stm32f4xx_hal_i2s_ex.o
 *fill*         0x00000000080024be        0x2 
 .text.I2SEx_TxISR_I2SExt
                0x00000000080024c0       0x98 ./Drivers/STM32F4xx_HAL_Driver/Src/stm32f4xx_hal_i2s_ex.o
 .text.I2SEx_RxISR_I2S
                0x0000000008002558       0x64 ./Drivers/STM32F4xx_HAL_Driver/Src/stm32f4xx_hal_i2s_ex.o
 .text.I2SEx_RxISR_I2SExt
                0x00000000080025bc       0x98 ./Drivers/STM32F4xx_HAL_Driver/Src/stm32f4xx_hal_i2s_ex.o
 .text.HAL_RCC_OscConfig
                0x0000000008002654      0x4f0 ./Drivers/STM32F4xx_HAL_Driver/Src/stm32f4xx_hal_rcc.o
                0x0000000008002654                HAL_RCC_OscConfig
 .text.HAL_RCC_ClockConfig
                0x0000000008002b44      0x1cc ./Drivers/STM32F4xx_HAL_Driver/Src/stm32f4xx_hal_rcc.o
                0x0000000008002b44                HAL_RCC_ClockConfig
 .text.HAL_RCC_GetSysClockFreq
                0x0000000008002d10      0x20c ./Drivers/STM32F4xx_HAL_Driver/Src/stm32f4xx_hal_rcc.o
                0x0000000008002d10                HAL_RCC_GetSysClockFreq
 .text.HAL_RCC_GetHCLKFreq
                0x0000000008002f1c       0x18 ./Drivers/STM32F4xx_HAL_Driver/Src/stm32f4xx_hal_rcc.o
                0x0000000008002f1c                HAL_RCC_GetHCLKFreq
 .text.HAL_RCC_GetPCLK1Freq
                0x0000000008002f34       0x28 ./Drivers/STM32F4xx_HAL_Driver/Src/stm32f4xx_hal_rcc.o
                0x0000000008002f34                HAL_RCC_GetPCLK1Freq
 .text.HAL_RCC_GetPCLK2Freq
                0x0000000008002f5c       0x28 ./Drivers/STM32F4xx_HAL_Driver/Src/stm32f4xx_hal_rcc.o
                0x0000000008002f5c                HAL_RCC_GetPCLK2Freq
 .text.HAL_RCCEx_PeriphCLKConfig
                0x0000000008002f84      0x1e0 ./Drivers/STM32F4xx_HAL_Driver/Src/stm32f4xx_hal_rcc_ex.o
                0x0000000008002f84                HAL_RCCEx_PeriphCLKConfig
 .text.HAL_RCCEx_GetPeriphCLKFreq
                0x0000000008003164       0xc0 ./Drivers/STM32F4xx_HAL_Driver/Src/stm32f4xx_hal_rcc_ex.o
                0x0000000008003164                HAL_RCCEx_GetPeriphCLKFreq
 .text.HAL_UART_Init
                0x0000000008003224       0x9a ./Drivers/STM32F4xx_HAL_Driver/Src/stm32f4xx_hal_uart.o
                0x0000000008003224                HAL_UART_Init
 *fill*         0x00000000080032be        0x2 
 .text.UART_SetConfig
                0x00000000080032c0      0x4e8 ./Drivers/STM32F4xx_HAL_Driver/Src/stm32f4xx_hal_uart.o
 .text.MX_PDM2PCM_Init
                0x00000000080037a8       0x54 ./PDM2PCM/App/pdm2pcm.o
                0x00000000080037a8                MX_PDM2PCM_Init
 .text.D16_GENERIC
                0x00000000080037fc      0x120 ../Middlewares/ST/STM32_Audio/Addons/PDM/Lib/libPDMFilter_CM4_GCC_wc32.a(pdm_filter.o)
 .text.D24_GENERIC
                0x000000000800391c      0x190 ../Middlewares/ST/STM32_Audio/Addons/PDM/Lib/libPDMFilter_CM4_GCC_wc32.a(pdm_filter.o)
 .text.D32_GENERIC
                0x0000000008003aac      0x198 ../Middlewares/ST/STM32_Audio/Addons/PDM/Lib/libPDMFilter_CM4_GCC_wc32.a(pdm_filter.o)
 .text.D48_GENERIC
                0x0000000008003c44      0x1ec ../Middlewares/ST/STM32_Audio/Addons/PDM/Lib/libPDMFilter_CM4_GCC_wc32.a(pdm_filter.o)
 .text.D64_GENERIC
                0x0000000008003e30      0x220 ../Middlewares/ST/STM32_Audio/Addons/PDM/Lib/libPDMFilter_CM4_GCC_wc32.a(pdm_filter.o)
 .text.D80_GENERIC
                0x0000000008004050      0x2a0 ../Middlewares/ST/STM32_Audio/Addons/PDM/Lib/libPDMFilter_CM4_GCC_wc32.a(pdm_filter.o)
 .text.D128_GENERIC
                0x00000000080042f0      0x3f0 ../Middlewares/ST/STM32_Audio/Addons/PDM/Lib/libPDMFilter_CM4_GCC_wc32.a(pdm_filter.o)
 .text.D16_1CH_HTONS_VOL_HP
                0x00000000080046e0       0xe4 ../Middlewares/ST/STM32_Audio/Addons/PDM/Lib/libPDMFilter_CM4_GCC_wc32.a(pdm_filter.o)
 .text.D24_1CH_HTONS_VOL_HP
                0x00000000080047c4      0x138 ../Middlewares/ST/STM32_Audio/Addons/PDM/Lib/libPDMFilter_CM4_GCC_wc32.a(pdm_filter.o)
 .text.D32_1CH_HTONS_VOL_HP
                0x00000000080048fc      0x144 ../Middlewares/ST/STM32_Audio/Addons/PDM/Lib/libPDMFilter_CM4_GCC_wc32.a(pdm_filter.o)
 .text.D48_1CH_HTONS_VOL_HP
                0x0000000008004a40      0x16c ../Middlewares/ST/STM32_Audio/Addons/PDM/Lib/libPDMFilter_CM4_GCC_wc32.a(pdm_filter.o)
 .text.D64_1CH_HTONS_VOL_HP
                0x0000000008004bac      0x1b8 ../Middlewares/ST/STM32_Audio/Addons/PDM/Lib/libPDMFilter_CM4_GCC_wc32.a(pdm_filter.o)
 .text.D80_1CH_HTONS_VOL_HP
                0x0000000008004d64      0x214 ../Middlewares/ST/STM32_Audio/Addons/PDM/Lib/libPDMFilter_CM4_GCC_wc32.a(pdm_filter.o)
 .text.D128_1CH_HTONS_VOL_HP
                0x0000000008004f78      0x324 ../Middlewares/ST/STM32_Audio/Addons/PDM/Lib/libPDMFilter_CM4_GCC_wc32.a(pdm_filter.o)
 .text.PDM_Filter_Init
                0x000000000800529c      0x114 ../Middlewares/ST/STM32_Audio/Addons/PDM/Lib/libPDMFilter_CM4_GCC_wc32.a(pdm_filter.o)
                0x000000000800529c                PDM_Filter_Init
 .text.PDM_Filter_setConfig
                0x00000000080053b0      0x1e4 ../Middlewares/ST/STM32_Audio/Addons/PDM/Lib/libPDMFilter_CM4_GCC_wc32.a(pdm_filter.o)
                0x00000000080053b0                PDM_Filter_setConfig
 .text.PDM_Filter
                0x0000000008005594       0x38 ../Middlewares/ST/STM32_Audio/Addons/PDM/Lib/libPDMFilter_CM4_GCC_wc32.a(pdm_filter.o)
                0x0000000008005594                PDM_Filter
 .text.CRC_Lock
                0x00000000080055cc       0x7c ../Middlewares/ST/STM32_Audio/Addons/PDM/Lib/libPDMFilter_CM4_GCC_wc32.a(stm32_crc_lock.o)
                0x00000000080055cc                CRC_Lock
 .text.std      0x0000000008005648       0x6c /opt/st/stm32cubeide_1.13.2/plugins/com.st.stm32cube.ide.mcu.externaltools.gnu-tools-for-stm32.11.3.rel1.linux64_1.1.1.202309131626/tools/bin/../lib/gcc/arm-none-eabi/11.3.1/../../../../arm-none-eabi/lib/thumb/v7e-m+fp/hard/libc_nano.a(libc_a-findfp.o)
 .text.stdio_exit_handler
                0x00000000080056b4       0x18 /opt/st/stm32cubeide_1.13.2/plugins/com.st.stm32cube.ide.mcu.externaltools.gnu-tools-for-stm32.11.3.rel1.linux64_1.1.1.202309131626/tools/bin/../lib/gcc/arm-none-eabi/11.3.1/../../../../arm-none-eabi/lib/thumb/v7e-m+fp/hard/libc_nano.a(libc_a-findfp.o)
 .text.cleanup_stdio
                0x00000000080056cc       0x40 /opt/st/stm32cubeide_1.13.2/plugins/com.st.stm32cube.ide.mcu.externaltools.gnu-tools-for-stm32.11.3.rel1.linux64_1.1.1.202309131626/tools/bin/../lib/gcc/arm-none-eabi/11.3.1/../../../../arm-none-eabi/lib/thumb/v7e-m+fp/hard/libc_nano.a(libc_a-findfp.o)
 .text.global_stdio_init.part.0
                0x000000000800570c       0x3c /opt/st/stm32cubeide_1.13.2/plugins/com.st.stm32cube.ide.mcu.externaltools.gnu-tools-for-stm32.11.3.rel1.linux64_1.1.1.202309131626/tools/bin/../lib/gcc/arm-none-eabi/11.3.1/../../../../arm-none-eabi/lib/thumb/v7e-m+fp/hard/libc_nano.a(libc_a-findfp.o)
 .text.__sfp_lock_acquire
                0x0000000008005748        0xc /opt/st/stm32cubeide_1.13.2/plugins/com.st.stm32cube.ide.mcu.externaltools.gnu-tools-for-stm32.11.3.rel1.linux64_1.1.1.202309131626/tools/bin/../lib/gcc/arm-none-eabi/11.3.1/../../../../arm-none-eabi/lib/thumb/v7e-m+fp/hard/libc_nano.a(libc_a-findfp.o)
                0x0000000008005748                __sfp_lock_acquire
 .text.__sfp_lock_release
                0x0000000008005754        0xc /opt/st/stm32cubeide_1.13.2/plugins/com.st.stm32cube.ide.mcu.externaltools.gnu-tools-for-stm32.11.3.rel1.linux64_1.1.1.202309131626/tools/bin/../lib/gcc/arm-none-eabi/11.3.1/../../../../arm-none-eabi/lib/thumb/v7e-m+fp/hard/libc_nano.a(libc_a-findfp.o)
                0x0000000008005754                __sfp_lock_release
 .text.__sinit  0x0000000008005760       0x30 /opt/st/stm32cubeide_1.13.2/plugins/com.st.stm32cube.ide.mcu.externaltools.gnu-tools-for-stm32.11.3.rel1.linux64_1.1.1.202309131626/tools/bin/../lib/gcc/arm-none-eabi/11.3.1/../../../../arm-none-eabi/lib/thumb/v7e-m+fp/hard/libc_nano.a(libc_a-findfp.o)
                0x0000000008005760                __sinit
 .text._fwalk_sglue
                0x0000000008005790       0x3c /opt/st/stm32cubeide_1.13.2/plugins/com.st.stm32cube.ide.mcu.externaltools.gnu-tools-for-stm32.11.3.rel1.linux64_1.1.1.202309131626/tools/bin/../lib/gcc/arm-none-eabi/11.3.1/../../../../arm-none-eabi/lib/thumb/v7e-m+fp/hard/libc_nano.a(libc_a-fwalk.o)
                0x0000000008005790                _fwalk_sglue
 .text._puts_r  0x00000000080057cc       0xa8 /opt/st/stm32cubeide_1.13.2/plugins/com.st.stm32cube.ide.mcu.externaltools.gnu-tools-for-stm32.11.3.rel1.linux64_1.1.1.202309131626/tools/bin/../lib/gcc/arm-none-eabi/11.3.1/../../../../arm-none-eabi/lib/thumb/v7e-m+fp/hard/libc_nano.a(libc_a-puts.o)
                0x00000000080057cc                _puts_r
 .text.puts     0x0000000008005874       0x10 /opt/st/stm32cubeide_1.13.2/plugins/com.st.stm32cube.ide.mcu.externaltools.gnu-tools-for-stm32.11.3.rel1.linux64_1.1.1.202309131626/tools/bin/../lib/gcc/arm-none-eabi/11.3.1/../../../../arm-none-eabi/lib/thumb/v7e-m+fp/hard/libc_nano.a(libc_a-puts.o)
                0x0000000008005874                puts
 .text.__sread  0x0000000008005884       0x22 /opt/st/stm32cubeide_1.13.2/plugins/com.st.stm32cube.ide.mcu.externaltools.gnu-tools-for-stm32.11.3.rel1.linux64_1.1.1.202309131626/tools/bin/../lib/gcc/arm-none-eabi/11.3.1/../../../../arm-none-eabi/lib/thumb/v7e-m+fp/hard/libc_nano.a(libc_a-stdio.o)
                0x0000000008005884                __sread
 .text.__swrite
                0x00000000080058a6       0x38 /opt/st/stm32cubeide_1.13.2/plugins/com.st.stm32cube.ide.mcu.externaltools.gnu-tools-for-stm32.11.3.rel1.linux64_1.1.1.202309131626/tools/bin/../lib/gcc/arm-none-eabi/11.3.1/../../../../arm-none-eabi/lib/thumb/v7e-m+fp/hard/libc_nano.a(libc_a-stdio.o)
                0x00000000080058a6                __swrite
 .text.__sseek  0x00000000080058de       0x24 /opt/st/stm32cubeide_1.13.2/plugins/com.st.stm32cube.ide.mcu.externaltools.gnu-tools-for-stm32.11.3.rel1.linux64_1.1.1.202309131626/tools/bin/../lib/gcc/arm-none-eabi/11.3.1/../../../../arm-none-eabi/lib/thumb/v7e-m+fp/hard/libc_nano.a(libc_a-stdio.o)
                0x00000000080058de                __sseek
 .text.__sclose
                0x0000000008005902        0x8 /opt/st/stm32cubeide_1.13.2/plugins/com.st.stm32cube.ide.mcu.externaltools.gnu-tools-for-stm32.11.3.rel1.linux64_1.1.1.202309131626/tools/bin/../lib/gcc/arm-none-eabi/11.3.1/../../../../arm-none-eabi/lib/thumb/v7e-m+fp/hard/libc_nano.a(libc_a-stdio.o)
                0x0000000008005902                __sclose
 .text.__swbuf_r
                0x000000000800590a       0x7a /opt/st/stm32cubeide_1.13.2/plugins/com.st.stm32cube.ide.mcu.externaltools.gnu-tools-for-stm32.11.3.rel1.linux64_1.1.1.202309131626/tools/bin/../lib/gcc/arm-none-eabi/11.3.1/../../../../arm-none-eabi/lib/thumb/v7e-m+fp/hard/libc_nano.a(libc_a-wbuf.o)
                0x000000000800590a                __swbuf_r
 .text.__swsetup_r
                0x0000000008005984       0xb0 /opt/st/stm32cubeide_1.13.2/plugins/com.st.stm32cube.ide.mcu.externaltools.gnu-tools-for-stm32.11.3.rel1.linux64_1.1.1.202309131626/tools/bin/../lib/gcc/arm-none-eabi/11.3.1/../../../../arm-none-eabi/lib/thumb/v7e-m+fp/hard/libc_nano.a(libc_a-wsetup.o)
                0x0000000008005984                __swsetup_r
 .text.memset   0x0000000008005a34       0x10 /opt/st/stm32cubeide_1.13.2/plugins/com.st.stm32cube.ide.mcu.externaltools.gnu-tools-for-stm32.11.3.rel1.linux64_1.1.1.202309131626/tools/bin/../lib/gcc/arm-none-eabi/11.3.1/../../../../arm-none-eabi/lib/thumb/v7e-m+fp/hard/libc_nano.a(libc_a-memset.o)
                0x0000000008005a34                memset
 .text._close_r
                0x0000000008005a44       0x20 /opt/st/stm32cubeide_1.13.2/plugins/com.st.stm32cube.ide.mcu.externaltools.gnu-tools-for-stm32.11.3.rel1.linux64_1.1.1.202309131626/tools/bin/../lib/gcc/arm-none-eabi/11.3.1/../../../../arm-none-eabi/lib/thumb/v7e-m+fp/hard/libc_nano.a(libc_a-closer.o)
                0x0000000008005a44                _close_r
 .text._lseek_r
                0x0000000008005a64       0x24 /opt/st/stm32cubeide_1.13.2/plugins/com.st.stm32cube.ide.mcu.externaltools.gnu-tools-for-stm32.11.3.rel1.linux64_1.1.1.202309131626/tools/bin/../lib/gcc/arm-none-eabi/11.3.1/../../../../arm-none-eabi/lib/thumb/v7e-m+fp/hard/libc_nano.a(libc_a-lseekr.o)
                0x0000000008005a64                _lseek_r
 .text._read_r  0x0000000008005a88       0x24 /opt/st/stm32cubeide_1.13.2/plugins/com.st.stm32cube.ide.mcu.externaltools.gnu-tools-for-stm32.11.3.rel1.linux64_1.1.1.202309131626/tools/bin/../lib/gcc/arm-none-eabi/11.3.1/../../../../arm-none-eabi/lib/thumb/v7e-m+fp/hard/libc_nano.a(libc_a-readr.o)
                0x0000000008005a88                _read_r
 .text._write_r
                0x0000000008005aac       0x24 /opt/st/stm32cubeide_1.13.2/plugins/com.st.stm32cube.ide.mcu.externaltools.gnu-tools-for-stm32.11.3.rel1.linux64_1.1.1.202309131626/tools/bin/../lib/gcc/arm-none-eabi/11.3.1/../../../../arm-none-eabi/lib/thumb/v7e-m+fp/hard/libc_nano.a(libc_a-writer.o)
                0x0000000008005aac                _write_r
 .text.__errno  0x0000000008005ad0        0xc /opt/st/stm32cubeide_1.13.2/plugins/com.st.stm32cube.ide.mcu.externaltools.gnu-tools-for-stm32.11.3.rel1.linux64_1.1.1.202309131626/tools/bin/../lib/gcc/arm-none-eabi/11.3.1/../../../../arm-none-eabi/lib/thumb/v7e-m+fp/hard/libc_nano.a(libc_a-errno.o)
                0x0000000008005ad0                __errno
 .text.__libc_init_array
                0x0000000008005adc       0x48 /opt/st/stm32cubeide_1.13.2/plugins/com.st.stm32cube.ide.mcu.externaltools.gnu-tools-for-stm32.11.3.rel1.linux64_1.1.1.202309131626/tools/bin/../lib/gcc/arm-none-eabi/11.3.1/../../../../arm-none-eabi/lib/thumb/v7e-m+fp/hard/libc_nano.a(libc_a-init.o)
                0x0000000008005adc                __libc_init_array
 .text.__retarget_lock_init_recursive
                0x0000000008005b24        0x2 /opt/st/stm32cubeide_1.13.2/plugins/com.st.stm32cube.ide.mcu.externaltools.gnu-tools-for-stm32.11.3.rel1.linux64_1.1.1.202309131626/tools/bin/../lib/gcc/arm-none-eabi/11.3.1/../../../../arm-none-eabi/lib/thumb/v7e-m+fp/hard/libc_nano.a(libc_a-lock.o)
                0x0000000008005b24                __retarget_lock_init_recursive
 .text.__retarget_lock_acquire_recursive
                0x0000000008005b26        0x2 /opt/st/stm32cubeide_1.13.2/plugins/com.st.stm32cube.ide.mcu.externaltools.gnu-tools-for-stm32.11.3.rel1.linux64_1.1.1.202309131626/tools/bin/../lib/gcc/arm-none-eabi/11.3.1/../../../../arm-none-eabi/lib/thumb/v7e-m+fp/hard/libc_nano.a(libc_a-lock.o)
                0x0000000008005b26                __retarget_lock_acquire_recursive
 .text.__retarget_lock_release_recursive
                0x0000000008005b28        0x2 /opt/st/stm32cubeide_1.13.2/plugins/com.st.stm32cube.ide.mcu.externaltools.gnu-tools-for-stm32.11.3.rel1.linux64_1.1.1.202309131626/tools/bin/../lib/gcc/arm-none-eabi/11.3.1/../../../../arm-none-eabi/lib/thumb/v7e-m+fp/hard/libc_nano.a(libc_a-lock.o)
                0x0000000008005b28                __retarget_lock_release_recursive
 *fill*         0x0000000008005b2a        0x2 
 .text._free_r  0x0000000008005b2c       0x98 /opt/st/stm32cubeide_1.13.2/plugins/com.st.stm32cube.ide.mcu.externaltools.gnu-tools-for-stm32.11.3.rel1.linux64_1.1.1.202309131626/tools/bin/../lib/gcc/arm-none-eabi/11.3.1/../../../../arm-none-eabi/lib/thumb/v7e-m+fp/hard/libc_nano.a(libc_a-freer.o)
                0x0000000008005b2c                _free_r
 .text.sbrk_aligned
                0x0000000008005bc4       0x40 /opt/st/stm32cubeide_1.13.2/plugins/com.st.stm32cube.ide.mcu.externaltools.gnu-tools-for-stm32.11.3.rel1.linux64_1.1.1.202309131626/tools/bin/../lib/gcc/arm-none-eabi/11.3.1/../../../../arm-none-eabi/lib/thumb/v7e-m+fp/hard/libc_nano.a(libc_a-mallocr.o)
 .text._malloc_r
                0x0000000008005c04      0x100 /opt/st/stm32cubeide_1.13.2/plugins/com.st.stm32cube.ide.mcu.externaltools.gnu-tools-for-stm32.11.3.rel1.linux64_1.1.1.202309131626/tools/bin/../lib/gcc/arm-none-eabi/11.3.1/../../../../arm-none-eabi/lib/thumb/v7e-m+fp/hard/libc_nano.a(libc_a-mallocr.o)
                0x0000000008005c04                _malloc_r
 .text.__malloc_lock
                0x0000000008005d04        0xc /opt/st/stm32cubeide_1.13.2/plugins/com.st.stm32cube.ide.mcu.externaltools.gnu-tools-for-stm32.11.3.rel1.linux64_1.1.1.202309131626/tools/bin/../lib/gcc/arm-none-eabi/11.3.1/../../../../arm-none-eabi/lib/thumb/v7e-m+fp/hard/libc_nano.a(libc_a-mlock.o)
                0x0000000008005d04                __malloc_lock
 .text.__malloc_unlock
                0x0000000008005d10        0xc /opt/st/stm32cubeide_1.13.2/plugins/com.st.stm32cube.ide.mcu.externaltools.gnu-tools-for-stm32.11.3.rel1.linux64_1.1.1.202309131626/tools/bin/../lib/gcc/arm-none-eabi/11.3.1/../../../../arm-none-eabi/lib/thumb/v7e-m+fp/hard/libc_nano.a(libc_a-mlock.o)
                0x0000000008005d10                __malloc_unlock
 .text.__sflush_r
                0x0000000008005d1c      0x10c /opt/st/stm32cubeide_1.13.2/plugins/com.st.stm32cube.ide.mcu.externaltools.gnu-tools-for-stm32.11.3.rel1.linux64_1.1.1.202309131626/tools/bin/../lib/gcc/arm-none-eabi/11.3.1/../../../../arm-none-eabi/lib/thumb/v7e-m+fp/hard/libc_nano.a(libc_a-fflush.o)
                0x0000000008005d1c                __sflush_r
 .text._fflush_r
                0x0000000008005e28       0x50 /opt/st/stm32cubeide_1.13.2/plugins/com.st.stm32cube.ide.mcu.externaltools.gnu-tools-for-stm32.11.3.rel1.linux64_1.1.1.202309131626/tools/bin/../lib/gcc/arm-none-eabi/11.3.1/../../../../arm-none-eabi/lib/thumb/v7e-m+fp/hard/libc_nano.a(libc_a-fflush.o)
                0x0000000008005e28                _fflush_r
 .text.__swhatbuf_r
                0x0000000008005e78       0x4c /opt/st/stm32cubeide_1.13.2/plugins/com.st.stm32cube.ide.mcu.externaltools.gnu-tools-for-stm32.11.3.rel1.linux64_1.1.1.202309131626/tools/bin/../lib/gcc/arm-none-eabi/11.3.1/../../../../arm-none-eabi/lib/thumb/v7e-m+fp/hard/libc_nano.a(libc_a-makebuf.o)
                0x0000000008005e78                __swhatbuf_r
 .text.__smakebuf_r
                0x0000000008005ec4       0x78 /opt/st/stm32cubeide_1.13.2/plugins/com.st.stm32cube.ide.mcu.externaltools.gnu-tools-for-stm32.11.3.rel1.linux64_1.1.1.202309131626/tools/bin/../lib/gcc/arm-none-eabi/11.3.1/../../../../arm-none-eabi/lib/thumb/v7e-m+fp/hard/libc_nano.a(libc_a-makebuf.o)
                0x0000000008005ec4                __smakebuf_r
 .text._fstat_r
                0x0000000008005f3c       0x24 /opt/st/stm32cubeide_1.13.2/plugins/com.st.stm32cube.ide.mcu.externaltools.gnu-tools-for-stm32.11.3.rel1.linux64_1.1.1.202309131626/tools/bin/../lib/gcc/arm-none-eabi/11.3.1/../../../../arm-none-eabi/lib/thumb/v7e-m+fp/hard/libc_nano.a(libc_a-fstatr.o)
                0x0000000008005f3c                _fstat_r
 .text._isatty_r
                0x0000000008005f60       0x20 /opt/st/stm32cubeide_1.13.2/plugins/com.st.stm32cube.ide.mcu.externaltools.gnu-tools-for-stm32.11.3.rel1.linux64_1.1.1.202309131626/tools/bin/../lib/gcc/arm-none-eabi/11.3.1/../../../../arm-none-eabi/lib/thumb/v7e-m+fp/hard/libc_nano.a(libc_a-isattyr.o)
                0x0000000008005f60                _isatty_r
 .text._sbrk_r  0x0000000008005f80       0x20 /opt/st/stm32cubeide_1.13.2/plugins/com.st.stm32cube.ide.mcu.externaltools.gnu-tools-for-stm32.11.3.rel1.linux64_1.1.1.202309131626/tools/bin/../lib/gcc/arm-none-eabi/11.3.1/../../../../arm-none-eabi/lib/thumb/v7e-m+fp/hard/libc_nano.a(libc_a-sbrkr.o)
                0x0000000008005f80                _sbrk_r
 .text.powf     0x0000000008005fa0       0xae /opt/st/stm32cubeide_1.13.2/plugins/com.st.stm32cube.ide.mcu.externaltools.gnu-tools-for-stm32.11.3.rel1.linux64_1.1.1.202309131626/tools/bin/../lib/gcc/arm-none-eabi/11.3.1/../../../../arm-none-eabi/lib/thumb/v7e-m+fp/hard/libm.a(libm_a-wf_pow.o)
                0x0000000008005fa0                powf
 .text.finitef  0x000000000800604e       0x1a /opt/st/stm32cubeide_1.13.2/plugins/com.st.stm32cube.ide.mcu.externaltools.gnu-tools-for-stm32.11.3.rel1.linux64_1.1.1.202309131626/tools/bin/../lib/gcc/arm-none-eabi/11.3.1/../../../../arm-none-eabi/lib/thumb/v7e-m+fp/hard/libm.a(libm_a-sf_finite.o)
                0x000000000800604e                finitef
 .text.roundf   0x0000000008006068       0x48 /opt/st/stm32cubeide_1.13.2/plugins/com.st.stm32cube.ide.mcu.externaltools.gnu-tools-for-stm32.11.3.rel1.linux64_1.1.1.202309131626/tools/bin/../lib/gcc/arm-none-eabi/11.3.1/../../../../arm-none-eabi/lib/thumb/v7e-m+fp/hard/libm.a(libm_a-sf_round.o)
                0x0000000008006068                roundf
 .text.__ieee754_powf
                0x00000000080060b0      0x594 /opt/st/stm32cubeide_1.13.2/plugins/com.st.stm32cube.ide.mcu.externaltools.gnu-tools-for-stm32.11.3.rel1.linux64_1.1.1.202309131626/tools/bin/../lib/gcc/arm-none-eabi/11.3.1/../../../../arm-none-eabi/lib/thumb/v7e-m+fp/hard/libm.a(libm_a-ef_pow.o)
                0x00000000080060b0                __ieee754_powf
 .text.fabsf    0x0000000008006644        0xe /opt/st/stm32cubeide_1.13.2/plugins/com.st.stm32cube.ide.mcu.externaltools.gnu-tools-for-stm32.11.3.rel1.linux64_1.1.1.202309131626/tools/bin/../lib/gcc/arm-none-eabi/11.3.1/../../../../arm-none-eabi/lib/thumb/v7e-m+fp/hard/libm.a(libm_a-sf_fabs.o)
                0x0000000008006644                fabsf
 *fill*         0x0000000008006652        0x2 
 .text.scalbnf  0x0000000008006654       0xcc /opt/st/stm32cubeide_1.13.2/plugins/com.st.stm32cube.ide.mcu.externaltools.gnu-tools-for-stm32.11.3.rel1.linux64_1.1.1.202309131626/tools/bin/../lib/gcc/arm-none-eabi/11.3.1/../../../../arm-none-eabi/lib/thumb/v7e-m+fp/hard/libm.a(libm_a-sf_scalbn.o)
                0x0000000008006654                scalbnf
 .text.with_errnof
                0x0000000008006720       0x16 /opt/st/stm32cubeide_1.13.2/plugins/com.st.stm32cube.ide.mcu.externaltools.gnu-tools-for-stm32.11.3.rel1.linux64_1.1.1.202309131626/tools/bin/../lib/gcc/arm-none-eabi/11.3.1/../../../../arm-none-eabi/lib/thumb/v7e-m+fp/hard/libm.a(libm_a-math_errf.o)
 .text.xflowf   0x0000000008006736       0x16 /opt/st/stm32cubeide_1.13.2/plugins/com.st.stm32cube.ide.mcu.externaltools.gnu-tools-for-stm32.11.3.rel1.linux64_1.1.1.202309131626/tools/bin/../lib/gcc/arm-none-eabi/11.3.1/../../../../arm-none-eabi/lib/thumb/v7e-m+fp/hard/libm.a(libm_a-math_errf.o)
 .text.__math_uflowf
                0x000000000800674c        0xc /opt/st/stm32cubeide_1.13.2/plugins/com.st.stm32cube.ide.mcu.externaltools.gnu-tools-for-stm32.11.3.rel1.linux64_1.1.1.202309131626/tools/bin/../lib/gcc/arm-none-eabi/11.3.1/../../../../arm-none-eabi/lib/thumb/v7e-m+fp/hard/libm.a(libm_a-math_errf.o)
                0x000000000800674c                __math_uflowf
 .text.__math_oflowf
                0x0000000008006758        0xc /opt/st/stm32cubeide_1.13.2/plugins/com.st.stm32cube.ide.mcu.externaltools.gnu-tools-for-stm32.11.3.rel1.linux64_1.1.1.202309131626/tools/bin/../lib/gcc/arm-none-eabi/11.3.1/../../../../arm-none-eabi/lib/thumb/v7e-m+fp/hard/libm.a(libm_a-math_errf.o)
                0x0000000008006758                __math_oflowf
 .text.__ieee754_sqrtf
                0x0000000008006764        0x6 /opt/st/stm32cubeide_1.13.2/plugins/com.st.stm32cube.ide.mcu.externaltools.gnu-tools-for-stm32.11.3.rel1.linux64_1.1.1.202309131626/tools/bin/../lib/gcc/arm-none-eabi/11.3.1/../../../../arm-none-eabi/lib/thumb/v7e-m+fp/hard/libm.a(libm_a-ef_sqrt.o)
                0x0000000008006764                __ieee754_sqrtf
 *(.glue_7)
 .glue_7        0x000000000800676a        0x0 linker stubs
 *(.glue_7t)
 .glue_7t       0x000000000800676a        0x0 linker stubs
 *(.eh_frame)
 *fill*         0x000000000800676a        0x2 
 .eh_frame      0x000000000800676c        0x0 /opt/st/stm32cubeide_1.13.2/plugins/com.st.stm32cube.ide.mcu.externaltools.gnu-tools-for-stm32.11.3.rel1.linux64_1.1.1.202309131626/tools/bin/../lib/gcc/arm-none-eabi/11.3.1/thumb/v7e-m+fp/hard/crtbegin.o
 *(.init)
 .init          0x000000000800676c        0x4 /opt/st/stm32cubeide_1.13.2/plugins/com.st.stm32cube.ide.mcu.externaltools.gnu-tools-for-stm32.11.3.rel1.linux64_1.1.1.202309131626/tools/bin/../lib/gcc/arm-none-eabi/11.3.1/thumb/v7e-m+fp/hard/crti.o
                0x000000000800676c                _init
 .init          0x0000000008006770        0x8 /opt/st/stm32cubeide_1.13.2/plugins/com.st.stm32cube.ide.mcu.externaltools.gnu-tools-for-stm32.11.3.rel1.linux64_1.1.1.202309131626/tools/bin/../lib/gcc/arm-none-eabi/11.3.1/thumb/v7e-m+fp/hard/crtn.o
 *(.fini)
 .fini          0x0000000008006778        0x4 /opt/st/stm32cubeide_1.13.2/plugins/com.st.stm32cube.ide.mcu.externaltools.gnu-tools-for-stm32.11.3.rel1.linux64_1.1.1.202309131626/tools/bin/../lib/gcc/arm-none-eabi/11.3.1/thumb/v7e-m+fp/hard/crti.o
                0x0000000008006778                _fini
 .fini          0x000000000800677c        0x8 /opt/st/stm32cubeide_1.13.2/plugins/com.st.stm32cube.ide.mcu.externaltools.gnu-tools-for-stm32.11.3.rel1.linux64_1.1.1.202309131626/tools/bin/../lib/gcc/arm-none-eabi/11.3.1/thumb/v7e-m+fp/hard/crtn.o
                0x0000000008006784                . = ALIGN (0x4)
                0x0000000008006784                _etext = .

.vfp11_veneer   0x0000000008006784        0x0
 .vfp11_veneer  0x0000000008006784        0x0 linker stubs

.v4_bx          0x0000000008006784        0x0
 .v4_bx         0x0000000008006784        0x0 linker stubs

.iplt           0x0000000008006784        0x0
 .iplt          0x0000000008006784        0x0 /opt/st/stm32cubeide_1.13.2/plugins/com.st.stm32cube.ide.mcu.externaltools.gnu-tools-for-stm32.11.3.rel1.linux64_1.1.1.202309131626/tools/bin/../lib/gcc/arm-none-eabi/11.3.1/thumb/v7e-m+fp/hard/crtbegin.o

.rodata         0x0000000008006784       0x80
                0x0000000008006784                . = ALIGN (0x4)
 *(.rodata)
 .rodata        0x0000000008006784        0xd ./Core/Src/main.o
 *fill*         0x0000000008006791        0x3 
 .rodata        0x0000000008006794       0x38 ../Middlewares/ST/STM32_Audio/Addons/PDM/Lib/libPDMFilter_CM4_GCC_wc32.a(pdm_filter.o)
 *(.rodata*)
 .rodata.AHBPrescTable
                0x00000000080067cc       0x10 ./Core/Src/system_stm32f4xx.o
                0x00000000080067cc                AHBPrescTable
 .rodata.APBPrescTable
                0x00000000080067dc        0x8 ./Core/Src/system_stm32f4xx.o
                0x00000000080067dc                APBPrescTable
 .rodata.flagBitshiftOffset.0
                0x00000000080067e4        0x8 ./Drivers/STM32F4xx_HAL_Driver/Src/stm32f4xx_hal_dma.o
 .rodata.bp     0x00000000080067ec        0x8 /opt/st/stm32cubeide_1.13.2/plugins/com.st.stm32cube.ide.mcu.externaltools.gnu-tools-for-stm32.11.3.rel1.linux64_1.1.1.202309131626/tools/bin/../lib/gcc/arm-none-eabi/11.3.1/../../../../arm-none-eabi/lib/thumb/v7e-m+fp/hard/libm.a(libm_a-ef_pow.o)
 .rodata.dp_h   0x00000000080067f4        0x8 /opt/st/stm32cubeide_1.13.2/plugins/com.st.stm32cube.ide.mcu.externaltools.gnu-tools-for-stm32.11.3.rel1.linux64_1.1.1.202309131626/tools/bin/../lib/gcc/arm-none-eabi/11.3.1/../../../../arm-none-eabi/lib/thumb/v7e-m+fp/hard/libm.a(libm_a-ef_pow.o)
 .rodata.dp_l   0x00000000080067fc        0x8 /opt/st/stm32cubeide_1.13.2/plugins/com.st.stm32cube.ide.mcu.externaltools.gnu-tools-for-stm32.11.3.rel1.linux64_1.1.1.202309131626/tools/bin/../lib/gcc/arm-none-eabi/11.3.1/../../../../arm-none-eabi/lib/thumb/v7e-m+fp/hard/libm.a(libm_a-ef_pow.o)
                0x0000000008006804                . = ALIGN (0x4)

.ARM.extab      0x0000000008006804        0x0
                0x0000000008006804                . = ALIGN (0x4)
 *(.ARM.extab* .gnu.linkonce.armextab.*)
                0x0000000008006804                . = ALIGN (0x4)

.ARM            0x0000000008006804        0x8
                0x0000000008006804                . = ALIGN (0x4)
                0x0000000008006804                __exidx_start = .
 *(.ARM.exidx*)
 .ARM.exidx     0x0000000008006804        0x8 /opt/st/stm32cubeide_1.13.2/plugins/com.st.stm32cube.ide.mcu.externaltools.gnu-tools-for-stm32.11.3.rel1.linux64_1.1.1.202309131626/tools/bin/../lib/gcc/arm-none-eabi/11.3.1/thumb/v7e-m+fp/hard/libgcc.a(_udivmoddi4.o)
                0x000000000800680c                __exidx_end = .
                0x000000000800680c                . = ALIGN (0x4)

.rel.dyn        0x000000000800680c        0x0
 .rel.iplt      0x000000000800680c        0x0 /opt/st/stm32cubeide_1.13.2/plugins/com.st.stm32cube.ide.mcu.externaltools.gnu-tools-for-stm32.11.3.rel1.linux64_1.1.1.202309131626/tools/bin/../lib/gcc/arm-none-eabi/11.3.1/thumb/v7e-m+fp/hard/crtbegin.o

.preinit_array  0x000000000800680c        0x0
                0x000000000800680c                . = ALIGN (0x4)
                0x000000000800680c                PROVIDE (__preinit_array_start = .)
 *(.preinit_array*)
                0x000000000800680c                PROVIDE (__preinit_array_end = .)
                0x000000000800680c                . = ALIGN (0x4)

.init_array     0x000000000800680c        0x4
                0x000000000800680c                . = ALIGN (0x4)
                0x000000000800680c                PROVIDE (__init_array_start = .)
 *(SORT_BY_NAME(.init_array.*))
 *(.init_array*)
 .init_array    0x000000000800680c        0x4 /opt/st/stm32cubeide_1.13.2/plugins/com.st.stm32cube.ide.mcu.externaltools.gnu-tools-for-stm32.11.3.rel1.linux64_1.1.1.202309131626/tools/bin/../lib/gcc/arm-none-eabi/11.3.1/thumb/v7e-m+fp/hard/crtbegin.o
                0x0000000008006810                PROVIDE (__init_array_end = .)
                0x0000000008006810                . = ALIGN (0x4)

.fini_array     0x0000000008006810        0x4
                0x0000000008006810                . = ALIGN (0x4)
                [!provide]                        PROVIDE (__fini_array_start = .)
 *(SORT_BY_NAME(.fini_array.*))
 *(.fini_array*)
 .fini_array    0x0000000008006810        0x4 /opt/st/stm32cubeide_1.13.2/plugins/com.st.stm32cube.ide.mcu.externaltools.gnu-tools-for-stm32.11.3.rel1.linux64_1.1.1.202309131626/tools/bin/../lib/gcc/arm-none-eabi/11.3.1/thumb/v7e-m+fp/hard/crtbegin.o
                [!provide]                        PROVIDE (__fini_array_end = .)
                0x0000000008006814                . = ALIGN (0x4)
                0x0000000008006814                _sidata = LOADADDR (.data)

.data           0x0000000020000000      0x468 load address 0x0000000008006814
                0x0000000020000000                . = ALIGN (0x4)
                0x0000000020000000                _sdata = .
 *(.data)
 .data          0x0000000020000000      0x400 ../Middlewares/ST/STM32_Audio/Addons/PDM/Lib/libPDMFilter_CM4_GCC_wc32.a(pdm_filter.o)
 *(.data*)
 .data.SystemCoreClock
                0x0000000020000400        0x4 ./Core/Src/system_stm32f4xx.o
                0x0000000020000400                SystemCoreClock
 .data.uwTickPrio
                0x0000000020000404        0x4 ./Drivers/STM32F4xx_HAL_Driver/Src/stm32f4xx_hal.o
                0x0000000020000404                uwTickPrio
 .data.uwTickFreq
                0x0000000020000408        0x1 ./Drivers/STM32F4xx_HAL_Driver/Src/stm32f4xx_hal.o
                0x0000000020000408                uwTickFreq
 *fill*         0x0000000020000409        0x3 
 .data.__sglue  0x000000002000040c        0xc /opt/st/stm32cubeide_1.13.2/plugins/com.st.stm32cube.ide.mcu.externaltools.gnu-tools-for-stm32.11.3.rel1.linux64_1.1.1.202309131626/tools/bin/../lib/gcc/arm-none-eabi/11.3.1/../../../../arm-none-eabi/lib/thumb/v7e-m+fp/hard/libc_nano.a(libc_a-findfp.o)
                0x000000002000040c                __sglue
 .data._impure_data
                0x0000000020000418       0x4c /opt/st/stm32cubeide_1.13.2/plugins/com.st.stm32cube.ide.mcu.externaltools.gnu-tools-for-stm32.11.3.rel1.linux64_1.1.1.202309131626/tools/bin/../lib/gcc/arm-none-eabi/11.3.1/../../../../arm-none-eabi/lib/thumb/v7e-m+fp/hard/libc_nano.a(libc_a-impure.o)
                0x0000000020000418                _impure_data
 .data._impure_ptr
                0x0000000020000464        0x4 /opt/st/stm32cubeide_1.13.2/plugins/com.st.stm32cube.ide.mcu.externaltools.gnu-tools-for-stm32.11.3.rel1.linux64_1.1.1.202309131626/tools/bin/../lib/gcc/arm-none-eabi/11.3.1/../../../../arm-none-eabi/lib/thumb/v7e-m+fp/hard/libc_nano.a(libc_a-impure.o)
                0x0000000020000464                _impure_ptr
 *(.RamFunc)
 *(.RamFunc*)
                0x0000000020000468                . = ALIGN (0x4)
                0x0000000020000468                _edata = .

.igot.plt       0x0000000020000468        0x0 load address 0x0000000008006c7c
 .igot.plt      0x0000000020000468        0x0 /opt/st/stm32cubeide_1.13.2/plugins/com.st.stm32cube.ide.mcu.externaltools.gnu-tools-for-stm32.11.3.rel1.linux64_1.1.1.202309131626/tools/bin/../lib/gcc/arm-none-eabi/11.3.1/thumb/v7e-m+fp/hard/crtbegin.o
                0x0000000020000468                . = ALIGN (0x4)

.bss            0x0000000020000468      0x4c0 load address 0x0000000008006c7c
                0x0000000020000468                _sbss = .
                0x0000000020000468                __bss_start__ = _sbss
 *(.bss)
 .bss           0x0000000020000468       0x1c /opt/st/stm32cubeide_1.13.2/plugins/com.st.stm32cube.ide.mcu.externaltools.gnu-tools-for-stm32.11.3.rel1.linux64_1.1.1.202309131626/tools/bin/../lib/gcc/arm-none-eabi/11.3.1/thumb/v7e-m+fp/hard/crtbegin.o
 .bss           0x0000000020000484        0x1 ../Middlewares/ST/STM32_Audio/Addons/PDM/Lib/libPDMFilter_CM4_GCC_wc32.a(pdm_filter.o)
 *(.bss*)
 *fill*         0x0000000020000485        0x3 
 .bss.hcrc      0x0000000020000488        0x8 ./Core/Src/main.o
                0x0000000020000488                hcrc
 .bss.hi2s2     0x0000000020000490       0x48 ./Core/Src/main.o
                0x0000000020000490                hi2s2
 .bss.hdma_spi2_rx
                0x00000000200004d8       0x60 ./Core/Src/main.o
                0x00000000200004d8                hdma_spi2_rx
 .bss.huart2    0x0000000020000538       0x44 ./Core/Src/main.o
                0x0000000020000538                huart2
 .bss.data_i2s  0x000000002000057c      0x100 ./Core/Src/main.o
                0x000000002000057c                data_i2s
 .bss.sample_i2s
                0x000000002000067c        0x2 ./Core/Src/main.o
                0x000000002000067c                sample_i2s
 .bss.myData    0x000000002000067e        0x2 ./Core/Src/main.o
                0x000000002000067e                myData
 .bss.processedData
                0x0000000020000680      0x100 ./Core/Src/main.o
                0x0000000020000680                processedData
 .bss.__sbrk_heap_end
                0x0000000020000780        0x4 ./Core/Src/sysmem.o
 .bss.uwTick    0x0000000020000784        0x4 ./Drivers/STM32F4xx_HAL_Driver/Src/stm32f4xx_hal.o
                0x0000000020000784                uwTick
 .bss.PDM1_filter_handler
                0x0000000020000788       0x4c ./PDM2PCM/App/pdm2pcm.o
                0x0000000020000788                PDM1_filter_handler
 .bss.PDM1_filter_config
                0x00000000200007d4        0x6 ./PDM2PCM/App/pdm2pcm.o
                0x00000000200007d4                PDM1_filter_config
 *fill*         0x00000000200007da        0x2 
 .bss.__sf      0x00000000200007dc      0x138 /opt/st/stm32cubeide_1.13.2/plugins/com.st.stm32cube.ide.mcu.externaltools.gnu-tools-for-stm32.11.3.rel1.linux64_1.1.1.202309131626/tools/bin/../lib/gcc/arm-none-eabi/11.3.1/../../../../arm-none-eabi/lib/thumb/v7e-m+fp/hard/libc_nano.a(libc_a-findfp.o)
                0x00000000200007dc                __sf
 .bss.__stdio_exit_handler
                0x0000000020000914        0x4 /opt/st/stm32cubeide_1.13.2/plugins/com.st.stm32cube.ide.mcu.externaltools.gnu-tools-for-stm32.11.3.rel1.linux64_1.1.1.202309131626/tools/bin/../lib/gcc/arm-none-eabi/11.3.1/../../../../arm-none-eabi/lib/thumb/v7e-m+fp/hard/libc_nano.a(libc_a-findfp.o)
                0x0000000020000914                __stdio_exit_handler
 .bss.errno     0x0000000020000918        0x4 /opt/st/stm32cubeide_1.13.2/plugins/com.st.stm32cube.ide.mcu.externaltools.gnu-tools-for-stm32.11.3.rel1.linux64_1.1.1.202309131626/tools/bin/../lib/gcc/arm-none-eabi/11.3.1/../../../../arm-none-eabi/lib/thumb/v7e-m+fp/hard/libc_nano.a(libc_a-reent.o)
                0x0000000020000918                errno
 .bss.__lock___malloc_recursive_mutex
                0x000000002000091c        0x1 /opt/st/stm32cubeide_1.13.2/plugins/com.st.stm32cube.ide.mcu.externaltools.gnu-tools-for-stm32.11.3.rel1.linux64_1.1.1.202309131626/tools/bin/../lib/gcc/arm-none-eabi/11.3.1/../../../../arm-none-eabi/lib/thumb/v7e-m+fp/hard/libc_nano.a(libc_a-lock.o)
                0x000000002000091c                __lock___malloc_recursive_mutex
 .bss.__lock___sfp_recursive_mutex
                0x000000002000091d        0x1 /opt/st/stm32cubeide_1.13.2/plugins/com.st.stm32cube.ide.mcu.externaltools.gnu-tools-for-stm32.11.3.rel1.linux64_1.1.1.202309131626/tools/bin/../lib/gcc/arm-none-eabi/11.3.1/../../../../arm-none-eabi/lib/thumb/v7e-m+fp/hard/libc_nano.a(libc_a-lock.o)
                0x000000002000091d                __lock___sfp_recursive_mutex
 *fill*         0x000000002000091e        0x2 
 .bss.__malloc_free_list
                0x0000000020000920        0x4 /opt/st/stm32cubeide_1.13.2/plugins/com.st.stm32cube.ide.mcu.externaltools.gnu-tools-for-stm32.11.3.rel1.linux64_1.1.1.202309131626/tools/bin/../lib/gcc/arm-none-eabi/11.3.1/../../../../arm-none-eabi/lib/thumb/v7e-m+fp/hard/libc_nano.a(libc_a-mallocr.o)
                0x0000000020000920                __malloc_free_list
 .bss.__malloc_sbrk_start
                0x0000000020000924        0x4 /opt/st/stm32cubeide_1.13.2/plugins/com.st.stm32cube.ide.mcu.externaltools.gnu-tools-for-stm32.11.3.rel1.linux64_1.1.1.202309131626/tools/bin/../lib/gcc/arm-none-eabi/11.3.1/../../../../arm-none-eabi/lib/thumb/v7e-m+fp/hard/libc_nano.a(libc_a-mallocr.o)
                0x0000000020000924                __malloc_sbrk_start
 *(COMMON)
                0x0000000020000928                . = ALIGN (0x4)
                0x0000000020000928                _ebss = .
                0x0000000020000928                __bss_end__ = _ebss

._user_heap_stack
                0x0000000020000928      0x600 load address 0x0000000008006c7c
                0x0000000020000928                . = ALIGN (0x8)
                [!provide]                        PROVIDE (end = .)
                0x0000000020000928                PROVIDE (_end = .)
                0x0000000020000b28                . = (. + _Min_Heap_Size)
 *fill*         0x0000000020000928      0x200 
                0x0000000020000f28                . = (. + _Min_Stack_Size)
 *fill*         0x0000000020000b28      0x400 
                0x0000000020000f28                . = ALIGN (0x8)

/DISCARD/
 libc.a(*)
 libm.a(*)
 libgcc.a(*)

.ARM.attributes
                0x0000000000000000       0x30
 *(.ARM.attributes)
 .ARM.attributes
                0x0000000000000000       0x1e /opt/st/stm32cubeide_1.13.2/plugins/com.st.stm32cube.ide.mcu.externaltools.gnu-tools-for-stm32.11.3.rel1.linux64_1.1.1.202309131626/tools/bin/../lib/gcc/arm-none-eabi/11.3.1/thumb/v7e-m+fp/hard/crti.o
 .ARM.attributes
                0x000000000000001e       0x34 /opt/st/stm32cubeide_1.13.2/plugins/com.st.stm32cube.ide.mcu.externaltools.gnu-tools-for-stm32.11.3.rel1.linux64_1.1.1.202309131626/tools/bin/../lib/gcc/arm-none-eabi/11.3.1/thumb/v7e-m+fp/hard/crtbegin.o
 .ARM.attributes
                0x0000000000000052       0x34 ./Core/Src/main.o
 .ARM.attributes
                0x0000000000000086       0x34 ./Core/Src/stm32f4xx_hal_msp.o
 .ARM.attributes
                0x00000000000000ba       0x34 ./Core/Src/stm32f4xx_it.o
 .ARM.attributes
                0x00000000000000ee       0x34 ./Core/Src/syscalls.o
 .ARM.attributes
                0x0000000000000122       0x34 ./Core/Src/sysmem.o
 .ARM.attributes
                0x0000000000000156       0x34 ./Core/Src/system_stm32f4xx.o
 .ARM.attributes
                0x000000000000018a       0x21 ./Core/Startup/startup_stm32f411retx.o
 .ARM.attributes
                0x00000000000001ab       0x34 ./Drivers/STM32F4xx_HAL_Driver/Src/stm32f4xx_hal.o
 .ARM.attributes
                0x00000000000001df       0x34 ./Drivers/STM32F4xx_HAL_Driver/Src/stm32f4xx_hal_cortex.o
 .ARM.attributes
                0x0000000000000213       0x34 ./Drivers/STM32F4xx_HAL_Driver/Src/stm32f4xx_hal_crc.o
 .ARM.attributes
                0x0000000000000247       0x34 ./Drivers/STM32F4xx_HAL_Driver/Src/stm32f4xx_hal_dma.o
 .ARM.attributes
                0x000000000000027b       0x34 ./Drivers/STM32F4xx_HAL_Driver/Src/stm32f4xx_hal_gpio.o
 .ARM.attributes
                0x00000000000002af       0x34 ./Drivers/STM32F4xx_HAL_Driver/Src/stm32f4xx_hal_i2s.o
 .ARM.attributes
                0x00000000000002e3       0x34 ./Drivers/STM32F4xx_HAL_Driver/Src/stm32f4xx_hal_i2s_ex.o
 .ARM.attributes
                0x0000000000000317       0x34 ./Drivers/STM32F4xx_HAL_Driver/Src/stm32f4xx_hal_rcc.o
 .ARM.attributes
                0x000000000000034b       0x34 ./Drivers/STM32F4xx_HAL_Driver/Src/stm32f4xx_hal_rcc_ex.o
 .ARM.attributes
                0x000000000000037f       0x34 ./Drivers/STM32F4xx_HAL_Driver/Src/stm32f4xx_hal_uart.o
 .ARM.attributes
                0x00000000000003b3       0x34 ./PDM2PCM/App/pdm2pcm.o
 .ARM.attributes
                0x00000000000003e7       0x39 ../Middlewares/ST/STM32_Audio/Addons/PDM/Lib/libPDMFilter_CM4_GCC_wc32.a(pdm_filter.o)
 .ARM.attributes
                0x0000000000000420       0x39 ../Middlewares/ST/STM32_Audio/Addons/PDM/Lib/libPDMFilter_CM4_GCC_wc32.a(stm32_crc_lock.o)
 .ARM.attributes
                0x0000000000000459       0x34 /opt/st/stm32cubeide_1.13.2/plugins/com.st.stm32cube.ide.mcu.externaltools.gnu-tools-for-stm32.11.3.rel1.linux64_1.1.1.202309131626/tools/bin/../lib/gcc/arm-none-eabi/11.3.1/../../../../arm-none-eabi/lib/thumb/v7e-m+fp/hard/libc_nano.a(libc_a-findfp.o)
 .ARM.attributes
                0x000000000000048d       0x34 /opt/st/stm32cubeide_1.13.2/plugins/com.st.stm32cube.ide.mcu.externaltools.gnu-tools-for-stm32.11.3.rel1.linux64_1.1.1.202309131626/tools/bin/../lib/gcc/arm-none-eabi/11.3.1/../../../../arm-none-eabi/lib/thumb/v7e-m+fp/hard/libc_nano.a(libc_a-fwalk.o)
 .ARM.attributes
                0x00000000000004c1       0x34 /opt/st/stm32cubeide_1.13.2/plugins/com.st.stm32cube.ide.mcu.externaltools.gnu-tools-for-stm32.11.3.rel1.linux64_1.1.1.202309131626/tools/bin/../lib/gcc/arm-none-eabi/11.3.1/../../../../arm-none-eabi/lib/thumb/v7e-m+fp/hard/libc_nano.a(libc_a-puts.o)
 .ARM.attributes
                0x00000000000004f5       0x34 /opt/st/stm32cubeide_1.13.2/plugins/com.st.stm32cube.ide.mcu.externaltools.gnu-tools-for-stm32.11.3.rel1.linux64_1.1.1.202309131626/tools/bin/../lib/gcc/arm-none-eabi/11.3.1/../../../../arm-none-eabi/lib/thumb/v7e-m+fp/hard/libc_nano.a(libc_a-stdio.o)
 .ARM.attributes
                0x0000000000000529       0x34 /opt/st/stm32cubeide_1.13.2/plugins/com.st.stm32cube.ide.mcu.externaltools.gnu-tools-for-stm32.11.3.rel1.linux64_1.1.1.202309131626/tools/bin/../lib/gcc/arm-none-eabi/11.3.1/../../../../arm-none-eabi/lib/thumb/v7e-m+fp/hard/libc_nano.a(libc_a-wbuf.o)
 .ARM.attributes
                0x000000000000055d       0x34 /opt/st/stm32cubeide_1.13.2/plugins/com.st.stm32cube.ide.mcu.externaltools.gnu-tools-for-stm32.11.3.rel1.linux64_1.1.1.202309131626/tools/bin/../lib/gcc/arm-none-eabi/11.3.1/../../../../arm-none-eabi/lib/thumb/v7e-m+fp/hard/libc_nano.a(libc_a-wsetup.o)
 .ARM.attributes
                0x0000000000000591       0x34 /opt/st/stm32cubeide_1.13.2/plugins/com.st.stm32cube.ide.mcu.externaltools.gnu-tools-for-stm32.11.3.rel1.linux64_1.1.1.202309131626/tools/bin/../lib/gcc/arm-none-eabi/11.3.1/../../../../arm-none-eabi/lib/thumb/v7e-m+fp/hard/libc_nano.a(libc_a-memset.o)
 .ARM.attributes
                0x00000000000005c5       0x34 /opt/st/stm32cubeide_1.13.2/plugins/com.st.stm32cube.ide.mcu.externaltools.gnu-tools-for-stm32.11.3.rel1.linux64_1.1.1.202309131626/tools/bin/../lib/gcc/arm-none-eabi/11.3.1/../../../../arm-none-eabi/lib/thumb/v7e-m+fp/hard/libc_nano.a(libc_a-closer.o)
 .ARM.attributes
                0x00000000000005f9       0x34 /opt/st/stm32cubeide_1.13.2/plugins/com.st.stm32cube.ide.mcu.externaltools.gnu-tools-for-stm32.11.3.rel1.linux64_1.1.1.202309131626/tools/bin/../lib/gcc/arm-none-eabi/11.3.1/../../../../arm-none-eabi/lib/thumb/v7e-m+fp/hard/libc_nano.a(libc_a-reent.o)
 .ARM.attributes
                0x000000000000062d       0x34 /opt/st/stm32cubeide_1.13.2/plugins/com.st.stm32cube.ide.mcu.externaltools.gnu-tools-for-stm32.11.3.rel1.linux64_1.1.1.202309131626/tools/bin/../lib/gcc/arm-none-eabi/11.3.1/../../../../arm-none-eabi/lib/thumb/v7e-m+fp/hard/libc_nano.a(libc_a-impure.o)
 .ARM.attributes
                0x0000000000000661       0x34 /opt/st/stm32cubeide_1.13.2/plugins/com.st.stm32cube.ide.mcu.externaltools.gnu-tools-for-stm32.11.3.rel1.linux64_1.1.1.202309131626/tools/bin/../lib/gcc/arm-none-eabi/11.3.1/../../../../arm-none-eabi/lib/thumb/v7e-m+fp/hard/libc_nano.a(libc_a-lseekr.o)
 .ARM.attributes
                0x0000000000000695       0x34 /opt/st/stm32cubeide_1.13.2/plugins/com.st.stm32cube.ide.mcu.externaltools.gnu-tools-for-stm32.11.3.rel1.linux64_1.1.1.202309131626/tools/bin/../lib/gcc/arm-none-eabi/11.3.1/../../../../arm-none-eabi/lib/thumb/v7e-m+fp/hard/libc_nano.a(libc_a-readr.o)
 .ARM.attributes
                0x00000000000006c9       0x34 /opt/st/stm32cubeide_1.13.2/plugins/com.st.stm32cube.ide.mcu.externaltools.gnu-tools-for-stm32.11.3.rel1.linux64_1.1.1.202309131626/tools/bin/../lib/gcc/arm-none-eabi/11.3.1/../../../../arm-none-eabi/lib/thumb/v7e-m+fp/hard/libc_nano.a(libc_a-writer.o)
 .ARM.attributes
                0x00000000000006fd       0x34 /opt/st/stm32cubeide_1.13.2/plugins/com.st.stm32cube.ide.mcu.externaltools.gnu-tools-for-stm32.11.3.rel1.linux64_1.1.1.202309131626/tools/bin/../lib/gcc/arm-none-eabi/11.3.1/../../../../arm-none-eabi/lib/thumb/v7e-m+fp/hard/libc_nano.a(libc_a-errno.o)
 .ARM.attributes
                0x0000000000000731       0x34 /opt/st/stm32cubeide_1.13.2/plugins/com.st.stm32cube.ide.mcu.externaltools.gnu-tools-for-stm32.11.3.rel1.linux64_1.1.1.202309131626/tools/bin/../lib/gcc/arm-none-eabi/11.3.1/../../../../arm-none-eabi/lib/thumb/v7e-m+fp/hard/libc_nano.a(libc_a-init.o)
 .ARM.attributes
                0x0000000000000765       0x34 /opt/st/stm32cubeide_1.13.2/plugins/com.st.stm32cube.ide.mcu.externaltools.gnu-tools-for-stm32.11.3.rel1.linux64_1.1.1.202309131626/tools/bin/../lib/gcc/arm-none-eabi/11.3.1/../../../../arm-none-eabi/lib/thumb/v7e-m+fp/hard/libc_nano.a(libc_a-lock.o)
 .ARM.attributes
                0x0000000000000799       0x34 /opt/st/stm32cubeide_1.13.2/plugins/com.st.stm32cube.ide.mcu.externaltools.gnu-tools-for-stm32.11.3.rel1.linux64_1.1.1.202309131626/tools/bin/../lib/gcc/arm-none-eabi/11.3.1/../../../../arm-none-eabi/lib/thumb/v7e-m+fp/hard/libc_nano.a(libc_a-freer.o)
 .ARM.attributes
                0x00000000000007cd       0x34 /opt/st/stm32cubeide_1.13.2/plugins/com.st.stm32cube.ide.mcu.externaltools.gnu-tools-for-stm32.11.3.rel1.linux64_1.1.1.202309131626/tools/bin/../lib/gcc/arm-none-eabi/11.3.1/../../../../arm-none-eabi/lib/thumb/v7e-m+fp/hard/libc_nano.a(libc_a-mallocr.o)
 .ARM.attributes
                0x0000000000000801       0x34 /opt/st/stm32cubeide_1.13.2/plugins/com.st.stm32cube.ide.mcu.externaltools.gnu-tools-for-stm32.11.3.rel1.linux64_1.1.1.202309131626/tools/bin/../lib/gcc/arm-none-eabi/11.3.1/../../../../arm-none-eabi/lib/thumb/v7e-m+fp/hard/libc_nano.a(libc_a-mlock.o)
 .ARM.attributes
                0x0000000000000835       0x34 /opt/st/stm32cubeide_1.13.2/plugins/com.st.stm32cube.ide.mcu.externaltools.gnu-tools-for-stm32.11.3.rel1.linux64_1.1.1.202309131626/tools/bin/../lib/gcc/arm-none-eabi/11.3.1/../../../../arm-none-eabi/lib/thumb/v7e-m+fp/hard/libc_nano.a(libc_a-fflush.o)
 .ARM.attributes
                0x0000000000000869       0x34 /opt/st/stm32cubeide_1.13.2/plugins/com.st.stm32cube.ide.mcu.externaltools.gnu-tools-for-stm32.11.3.rel1.linux64_1.1.1.202309131626/tools/bin/../lib/gcc/arm-none-eabi/11.3.1/../../../../arm-none-eabi/lib/thumb/v7e-m+fp/hard/libc_nano.a(libc_a-makebuf.o)
 .ARM.attributes
                0x000000000000089d       0x34 /opt/st/stm32cubeide_1.13.2/plugins/com.st.stm32cube.ide.mcu.externaltools.gnu-tools-for-stm32.11.3.rel1.linux64_1.1.1.202309131626/tools/bin/../lib/gcc/arm-none-eabi/11.3.1/../../../../arm-none-eabi/lib/thumb/v7e-m+fp/hard/libc_nano.a(libc_a-fstatr.o)
 .ARM.attributes
                0x00000000000008d1       0x34 /opt/st/stm32cubeide_1.13.2/plugins/com.st.stm32cube.ide.mcu.externaltools.gnu-tools-for-stm32.11.3.rel1.linux64_1.1.1.202309131626/tools/bin/../lib/gcc/arm-none-eabi/11.3.1/../../../../arm-none-eabi/lib/thumb/v7e-m+fp/hard/libc_nano.a(libc_a-isattyr.o)
 .ARM.attributes
                0x0000000000000905       0x34 /opt/st/stm32cubeide_1.13.2/plugins/com.st.stm32cube.ide.mcu.externaltools.gnu-tools-for-stm32.11.3.rel1.linux64_1.1.1.202309131626/tools/bin/../lib/gcc/arm-none-eabi/11.3.1/../../../../arm-none-eabi/lib/thumb/v7e-m+fp/hard/libc_nano.a(libc_a-sbrkr.o)
 .ARM.attributes
                0x0000000000000939       0x34 /opt/st/stm32cubeide_1.13.2/plugins/com.st.stm32cube.ide.mcu.externaltools.gnu-tools-for-stm32.11.3.rel1.linux64_1.1.1.202309131626/tools/bin/../lib/gcc/arm-none-eabi/11.3.1/../../../../arm-none-eabi/lib/thumb/v7e-m+fp/hard/libm.a(libm_a-wf_pow.o)
 .ARM.attributes
                0x000000000000096d       0x34 /opt/st/stm32cubeide_1.13.2/plugins/com.st.stm32cube.ide.mcu.externaltools.gnu-tools-for-stm32.11.3.rel1.linux64_1.1.1.202309131626/tools/bin/../lib/gcc/arm-none-eabi/11.3.1/../../../../arm-none-eabi/lib/thumb/v7e-m+fp/hard/libm.a(libm_a-sf_finite.o)
 .ARM.attributes
                0x00000000000009a1       0x34 /opt/st/stm32cubeide_1.13.2/plugins/com.st.stm32cube.ide.mcu.externaltools.gnu-tools-for-stm32.11.3.rel1.linux64_1.1.1.202309131626/tools/bin/../lib/gcc/arm-none-eabi/11.3.1/../../../../arm-none-eabi/lib/thumb/v7e-m+fp/hard/libm.a(libm_a-sf_round.o)
 .ARM.attributes
                0x00000000000009d5       0x34 /opt/st/stm32cubeide_1.13.2/plugins/com.st.stm32cube.ide.mcu.externaltools.gnu-tools-for-stm32.11.3.rel1.linux64_1.1.1.202309131626/tools/bin/../lib/gcc/arm-none-eabi/11.3.1/../../../../arm-none-eabi/lib/thumb/v7e-m+fp/hard/libm.a(libm_a-ef_pow.o)
 .ARM.attributes
                0x0000000000000a09       0x34 /opt/st/stm32cubeide_1.13.2/plugins/com.st.stm32cube.ide.mcu.externaltools.gnu-tools-for-stm32.11.3.rel1.linux64_1.1.1.202309131626/tools/bin/../lib/gcc/arm-none-eabi/11.3.1/../../../../arm-none-eabi/lib/thumb/v7e-m+fp/hard/libm.a(libm_a-sf_fabs.o)
 .ARM.attributes
                0x0000000000000a3d       0x34 /opt/st/stm32cubeide_1.13.2/plugins/com.st.stm32cube.ide.mcu.externaltools.gnu-tools-for-stm32.11.3.rel1.linux64_1.1.1.202309131626/tools/bin/../lib/gcc/arm-none-eabi/11.3.1/../../../../arm-none-eabi/lib/thumb/v7e-m+fp/hard/libm.a(libm_a-sf_scalbn.o)
 .ARM.attributes
                0x0000000000000a71       0x34 /opt/st/stm32cubeide_1.13.2/plugins/com.st.stm32cube.ide.mcu.externaltools.gnu-tools-for-stm32.11.3.rel1.linux64_1.1.1.202309131626/tools/bin/../lib/gcc/arm-none-eabi/11.3.1/../../../../arm-none-eabi/lib/thumb/v7e-m+fp/hard/libm.a(libm_a-math_errf.o)
 .ARM.attributes
                0x0000000000000aa5       0x34 /opt/st/stm32cubeide_1.13.2/plugins/com.st.stm32cube.ide.mcu.externaltools.gnu-tools-for-stm32.11.3.rel1.linux64_1.1.1.202309131626/tools/bin/../lib/gcc/arm-none-eabi/11.3.1/../../../../arm-none-eabi/lib/thumb/v7e-m+fp/hard/libm.a(libm_a-ef_sqrt.o)
 .ARM.attributes
                0x0000000000000ad9       0x1e /opt/st/stm32cubeide_1.13.2/plugins/com.st.stm32cube.ide.mcu.externaltools.gnu-tools-for-stm32.11.3.rel1.linux64_1.1.1.202309131626/tools/bin/../lib/gcc/arm-none-eabi/11.3.1/thumb/v7e-m+fp/hard/libgcc.a(_aeabi_uldivmod.o)
 .ARM.attributes
                0x0000000000000af7       0x34 /opt/st/stm32cubeide_1.13.2/plugins/com.st.stm32cube.ide.mcu.externaltools.gnu-tools-for-stm32.11.3.rel1.linux64_1.1.1.202309131626/tools/bin/../lib/gcc/arm-none-eabi/11.3.1/thumb/v7e-m+fp/hard/libgcc.a(_udivmoddi4.o)
 .ARM.attributes
                0x0000000000000b2b       0x1e /opt/st/stm32cubeide_1.13.2/plugins/com.st.stm32cube.ide.mcu.externaltools.gnu-tools-for-stm32.11.3.rel1.linux64_1.1.1.202309131626/tools/bin/../lib/gcc/arm-none-eabi/11.3.1/thumb/v7e-m+fp/hard/libgcc.a(_dvmd_tls.o)
 .ARM.attributes
                0x0000000000000b49       0x1e /opt/st/stm32cubeide_1.13.2/plugins/com.st.stm32cube.ide.mcu.externaltools.gnu-tools-for-stm32.11.3.rel1.linux64_1.1.1.202309131626/tools/bin/../lib/gcc/arm-none-eabi/11.3.1/thumb/v7e-m+fp/hard/crtn.o
OUTPUT(N-Channel-Acquisition.elf elf32-littlearm)
LOAD linker stubs
LOAD /opt/st/stm32cubeide_1.13.2/plugins/com.st.stm32cube.ide.mcu.externaltools.gnu-tools-for-stm32.11.3.rel1.linux64_1.1.1.202309131626/tools/bin/../lib/gcc/arm-none-eabi/11.3.1/../../../../arm-none-eabi/lib/thumb/v7e-m+fp/hard/libc.a
LOAD /opt/st/stm32cubeide_1.13.2/plugins/com.st.stm32cube.ide.mcu.externaltools.gnu-tools-for-stm32.11.3.rel1.linux64_1.1.1.202309131626/tools/bin/../lib/gcc/arm-none-eabi/11.3.1/../../../../arm-none-eabi/lib/thumb/v7e-m+fp/hard/libm.a
LOAD /opt/st/stm32cubeide_1.13.2/plugins/com.st.stm32cube.ide.mcu.externaltools.gnu-tools-for-stm32.11.3.rel1.linux64_1.1.1.202309131626/tools/bin/../lib/gcc/arm-none-eabi/11.3.1/thumb/v7e-m+fp/hard/libgcc.a

.comment        0x0000000000000000       0xc2
 .comment       0x0000000000000000       0x43 /opt/st/stm32cubeide_1.13.2/plugins/com.st.stm32cube.ide.mcu.externaltools.gnu-tools-for-stm32.11.3.rel1.linux64_1.1.1.202309131626/tools/bin/../lib/gcc/arm-none-eabi/11.3.1/thumb/v7e-m+fp/hard/crtbegin.o
                                         0x44 (size before relaxing)
 .comment       0x0000000000000043       0x44 ./Core/Src/main.o
 .comment       0x0000000000000043       0x44 ./Core/Src/stm32f4xx_hal_msp.o
 .comment       0x0000000000000043       0x44 ./Core/Src/stm32f4xx_it.o
 .comment       0x0000000000000043       0x44 ./Core/Src/syscalls.o
 .comment       0x0000000000000043       0x44 ./Core/Src/sysmem.o
 .comment       0x0000000000000043       0x44 ./Core/Src/system_stm32f4xx.o
 .comment       0x0000000000000043       0x44 ./Drivers/STM32F4xx_HAL_Driver/Src/stm32f4xx_hal.o
 .comment       0x0000000000000043       0x44 ./Drivers/STM32F4xx_HAL_Driver/Src/stm32f4xx_hal_cortex.o
 .comment       0x0000000000000043       0x44 ./Drivers/STM32F4xx_HAL_Driver/Src/stm32f4xx_hal_crc.o
 .comment       0x0000000000000043       0x44 ./Drivers/STM32F4xx_HAL_Driver/Src/stm32f4xx_hal_dma.o
 .comment       0x0000000000000043       0x44 ./Drivers/STM32F4xx_HAL_Driver/Src/stm32f4xx_hal_gpio.o
 .comment       0x0000000000000043       0x44 ./Drivers/STM32F4xx_HAL_Driver/Src/stm32f4xx_hal_i2s.o
 .comment       0x0000000000000043       0x44 ./Drivers/STM32F4xx_HAL_Driver/Src/stm32f4xx_hal_i2s_ex.o
 .comment       0x0000000000000043       0x44 ./Drivers/STM32F4xx_HAL_Driver/Src/stm32f4xx_hal_rcc.o
 .comment       0x0000000000000043       0x44 ./Drivers/STM32F4xx_HAL_Driver/Src/stm32f4xx_hal_rcc_ex.o
 .comment       0x0000000000000043       0x44 ./Drivers/STM32F4xx_HAL_Driver/Src/stm32f4xx_hal_uart.o
 .comment       0x0000000000000043       0x44 ./PDM2PCM/App/pdm2pcm.o
 .comment       0x0000000000000043       0x7f ../Middlewares/ST/STM32_Audio/Addons/PDM/Lib/libPDMFilter_CM4_GCC_wc32.a(pdm_filter.o)
                                         0x80 (size before relaxing)
 .comment       0x00000000000000c2       0x80 ../Middlewares/ST/STM32_Audio/Addons/PDM/Lib/libPDMFilter_CM4_GCC_wc32.a(stm32_crc_lock.o)

.debug_info     0x0000000000000000     0xb7b4
 .debug_info    0x0000000000000000     0x159c ./Core/Src/main.o
 .debug_info    0x000000000000159c      0xeb8 ./Core/Src/stm32f4xx_hal_msp.o
 .debug_info    0x0000000000002454      0x3bf ./Core/Src/stm32f4xx_it.o
 .debug_info    0x0000000000002813      0x6a3 ./Core/Src/syscalls.o
 .debug_info    0x0000000000002eb6      0x168 ./Core/Src/sysmem.o
 .debug_info    0x000000000000301e      0x53e ./Core/Src/system_stm32f4xx.o
 .debug_info    0x000000000000355c       0x23 ./Core/Startup/startup_stm32f411retx.o
 .debug_info    0x000000000000357f      0x8c4 ./Drivers/STM32F4xx_HAL_Driver/Src/stm32f4xx_hal.o
 .debug_info    0x0000000000003e43      0xcb6 ./Drivers/STM32F4xx_HAL_Driver/Src/stm32f4xx_hal_cortex.o
 .debug_info    0x0000000000004af9      0x373 ./Drivers/STM32F4xx_HAL_Driver/Src/stm32f4xx_hal_crc.o
 .debug_info    0x0000000000004e6c      0x8e6 ./Drivers/STM32F4xx_HAL_Driver/Src/stm32f4xx_hal_dma.o
 .debug_info    0x0000000000005752      0x6f9 ./Drivers/STM32F4xx_HAL_Driver/Src/stm32f4xx_hal_gpio.o
 .debug_info    0x0000000000005e4b      0xdfd ./Drivers/STM32F4xx_HAL_Driver/Src/stm32f4xx_hal_i2s.o
 .debug_info    0x0000000000006c48      0xaf0 ./Drivers/STM32F4xx_HAL_Driver/Src/stm32f4xx_hal_i2s_ex.o
 .debug_info    0x0000000000007738      0x8f2 ./Drivers/STM32F4xx_HAL_Driver/Src/stm32f4xx_hal_rcc.o
 .debug_info    0x000000000000802a      0x5a5 ./Drivers/STM32F4xx_HAL_Driver/Src/stm32f4xx_hal_rcc_ex.o
 .debug_info    0x00000000000085cf     0x2fbf ./Drivers/STM32F4xx_HAL_Driver/Src/stm32f4xx_hal_uart.o
 .debug_info    0x000000000000b58e      0x226 ./PDM2PCM/App/pdm2pcm.o

.debug_abbrev   0x0000000000000000     0x2306
 .debug_abbrev  0x0000000000000000      0x389 ./Core/Src/main.o
 .debug_abbrev  0x0000000000000389      0x243 ./Core/Src/stm32f4xx_hal_msp.o
 .debug_abbrev  0x00000000000005cc      0x138 ./Core/Src/stm32f4xx_it.o
 .debug_abbrev  0x0000000000000704      0x1b6 ./Core/Src/syscalls.o
 .debug_abbrev  0x00000000000008ba       0xbc ./Core/Src/sysmem.o
 .debug_abbrev  0x0000000000000976      0x11a ./Core/Src/system_stm32f4xx.o
 .debug_abbrev  0x0000000000000a90       0x12 ./Core/Startup/startup_stm32f411retx.o
 .debug_abbrev  0x0000000000000aa2      0x24b ./Drivers/STM32F4xx_HAL_Driver/Src/stm32f4xx_hal.o
 .debug_abbrev  0x0000000000000ced      0x327 ./Drivers/STM32F4xx_HAL_Driver/Src/stm32f4xx_hal_cortex.o
 .debug_abbrev  0x0000000000001014      0x179 ./Drivers/STM32F4xx_HAL_Driver/Src/stm32f4xx_hal_crc.o
 .debug_abbrev  0x000000000000118d      0x221 ./Drivers/STM32F4xx_HAL_Driver/Src/stm32f4xx_hal_dma.o
 .debug_abbrev  0x00000000000013ae      0x1d3 ./Drivers/STM32F4xx_HAL_Driver/Src/stm32f4xx_hal_gpio.o
 .debug_abbrev  0x0000000000001581      0x265 ./Drivers/STM32F4xx_HAL_Driver/Src/stm32f4xx_hal_i2s.o
 .debug_abbrev  0x00000000000017e6      0x297 ./Drivers/STM32F4xx_HAL_Driver/Src/stm32f4xx_hal_i2s_ex.o
 .debug_abbrev  0x0000000000001a7d      0x2b5 ./Drivers/STM32F4xx_HAL_Driver/Src/stm32f4xx_hal_rcc.o
 .debug_abbrev  0x0000000000001d32      0x1b1 ./Drivers/STM32F4xx_HAL_Driver/Src/stm32f4xx_hal_rcc_ex.o
 .debug_abbrev  0x0000000000001ee3      0x31b ./Drivers/STM32F4xx_HAL_Driver/Src/stm32f4xx_hal_uart.o
 .debug_abbrev  0x00000000000021fe      0x108 ./PDM2PCM/App/pdm2pcm.o

.debug_aranges  0x0000000000000000      0xa10
 .debug_aranges
                0x0000000000000000       0x70 ./Core/Src/main.o
 .debug_aranges
                0x0000000000000070       0x50 ./Core/Src/stm32f4xx_hal_msp.o
 .debug_aranges
                0x00000000000000c0       0x68 ./Core/Src/stm32f4xx_it.o
 .debug_aranges
                0x0000000000000128       0xa8 ./Core/Src/syscalls.o
 .debug_aranges
                0x00000000000001d0       0x20 ./Core/Src/sysmem.o
 .debug_aranges
                0x00000000000001f0       0x28 ./Core/Src/system_stm32f4xx.o
 .debug_aranges
                0x0000000000000218       0x28 ./Core/Startup/startup_stm32f411retx.o
 .debug_aranges
                0x0000000000000240       0xf0 ./Drivers/STM32F4xx_HAL_Driver/Src/stm32f4xx_hal.o
 .debug_aranges
                0x0000000000000330      0x118 ./Drivers/STM32F4xx_HAL_Driver/Src/stm32f4xx_hal_cortex.o
 .debug_aranges
                0x0000000000000448       0x50 ./Drivers/STM32F4xx_HAL_Driver/Src/stm32f4xx_hal_crc.o
 .debug_aranges
                0x0000000000000498       0x90 ./Drivers/STM32F4xx_HAL_Driver/Src/stm32f4xx_hal_dma.o
 .debug_aranges
                0x0000000000000528       0x58 ./Drivers/STM32F4xx_HAL_Driver/Src/stm32f4xx_hal_gpio.o
 .debug_aranges
                0x0000000000000580      0x108 ./Drivers/STM32F4xx_HAL_Driver/Src/stm32f4xx_hal_i2s.o
 .debug_aranges
                0x0000000000000688       0x88 ./Drivers/STM32F4xx_HAL_Driver/Src/stm32f4xx_hal_i2s_ex.o
 .debug_aranges
                0x0000000000000710       0x88 ./Drivers/STM32F4xx_HAL_Driver/Src/stm32f4xx_hal_rcc.o
 .debug_aranges
                0x0000000000000798       0x50 ./Drivers/STM32F4xx_HAL_Driver/Src/stm32f4xx_hal_rcc_ex.o
 .debug_aranges
                0x00000000000007e8      0x200 ./Drivers/STM32F4xx_HAL_Driver/Src/stm32f4xx_hal_uart.o
 .debug_aranges
                0x00000000000009e8       0x28 ./PDM2PCM/App/pdm2pcm.o

.debug_rnglists
                0x0000000000000000      0x79d
 .debug_rnglists
                0x0000000000000000       0x51 ./Core/Src/main.o
 .debug_rnglists
                0x0000000000000051       0x39 ./Core/Src/stm32f4xx_hal_msp.o
 .debug_rnglists
                0x000000000000008a       0x49 ./Core/Src/stm32f4xx_it.o
 .debug_rnglists
                0x00000000000000d3       0x79 ./Core/Src/syscalls.o
 .debug_rnglists
                0x000000000000014c       0x13 ./Core/Src/sysmem.o
 .debug_rnglists
                0x000000000000015f       0x1a ./Core/Src/system_stm32f4xx.o
 .debug_rnglists
                0x0000000000000179       0x19 ./Core/Startup/startup_stm32f411retx.o
 .debug_rnglists
                0x0000000000000192       0xaf ./Drivers/STM32F4xx_HAL_Driver/Src/stm32f4xx_hal.o
 .debug_rnglists
                0x0000000000000241       0xce ./Drivers/STM32F4xx_HAL_Driver/Src/stm32f4xx_hal_cortex.o
 .debug_rnglists
                0x000000000000030f       0x37 ./Drivers/STM32F4xx_HAL_Driver/Src/stm32f4xx_hal_crc.o
 .debug_rnglists
                0x0000000000000346       0x70 ./Drivers/STM32F4xx_HAL_Driver/Src/stm32f4xx_hal_dma.o
 .debug_rnglists
                0x00000000000003b6       0x3f ./Drivers/STM32F4xx_HAL_Driver/Src/stm32f4xx_hal_gpio.o
 .debug_rnglists
                0x00000000000003f5       0xcc ./Drivers/STM32F4xx_HAL_Driver/Src/stm32f4xx_hal_i2s.o
 .debug_rnglists
                0x00000000000004c1       0x6a ./Drivers/STM32F4xx_HAL_Driver/Src/stm32f4xx_hal_i2s_ex.o
 .debug_rnglists
                0x000000000000052b       0x66 ./Drivers/STM32F4xx_HAL_Driver/Src/stm32f4xx_hal_rcc.o
 .debug_rnglists
                0x0000000000000591       0x3c ./Drivers/STM32F4xx_HAL_Driver/Src/stm32f4xx_hal_rcc_ex.o
 .debug_rnglists
                0x00000000000005cd      0x1b7 ./Drivers/STM32F4xx_HAL_Driver/Src/stm32f4xx_hal_uart.o
 .debug_rnglists
                0x0000000000000784       0x19 ./PDM2PCM/App/pdm2pcm.o

.debug_macro    0x0000000000000000    0x171dc
 .debug_macro   0x0000000000000000      0x2d7 ./Core/Src/main.o
 .debug_macro   0x00000000000002d7      0xaa8 ./Core/Src/main.o
 .debug_macro   0x0000000000000d7f      0x2a1 ./Core/Src/main.o
 .debug_macro   0x0000000000001020       0x2e ./Core/Src/main.o
 .debug_macro   0x000000000000104e       0x28 ./Core/Src/main.o
 .debug_macro   0x0000000000001076       0x22 ./Core/Src/main.o
 .debug_macro   0x0000000000001098       0x8e ./Core/Src/main.o
 .debug_macro   0x0000000000001126       0x51 ./Core/Src/main.o
 .debug_macro   0x0000000000001177      0x103 ./Core/Src/main.o
 .debug_macro   0x000000000000127a       0x6a ./Core/Src/main.o
 .debug_macro   0x00000000000012e4      0x1df ./Core/Src/main.o
 .debug_macro   0x00000000000014c3       0x1c ./Core/Src/main.o
 .debug_macro   0x00000000000014df       0x22 ./Core/Src/main.o
 .debug_macro   0x0000000000001501       0xd9 ./Core/Src/main.o
 .debug_macro   0x00000000000015da     0x102d ./Core/Src/main.o
 .debug_macro   0x0000000000002607      0x11f ./Core/Src/main.o
 .debug_macro   0x0000000000002726     0xb953 ./Core/Src/main.o
 .debug_macro   0x000000000000e079       0x6d ./Core/Src/main.o
 .debug_macro   0x000000000000e0e6     0x367e ./Core/Src/main.o
 .debug_macro   0x0000000000011764      0x174 ./Core/Src/main.o
 .debug_macro   0x00000000000118d8       0x5c ./Core/Src/main.o
 .debug_macro   0x0000000000011934      0x447 ./Core/Src/main.o
 .debug_macro   0x0000000000011d7b      0x9fe ./Core/Src/main.o
 .debug_macro   0x0000000000012779      0x115 ./Core/Src/main.o
 .debug_macro   0x000000000001288e      0x11b ./Core/Src/main.o
 .debug_macro   0x00000000000129a9       0xa5 ./Core/Src/main.o
 .debug_macro   0x0000000000012a4e      0x15f ./Core/Src/main.o
 .debug_macro   0x0000000000012bad      0x287 ./Core/Src/main.o
 .debug_macro   0x0000000000012e34       0x5f ./Core/Src/main.o
 .debug_macro   0x0000000000012e93      0x236 ./Core/Src/main.o
 .debug_macro   0x00000000000130c9       0x22 ./Core/Src/main.o
 .debug_macro   0x00000000000130eb      0x132 ./Core/Src/main.o
 .debug_macro   0x000000000001321d      0x264 ./Core/Src/main.o
 .debug_macro   0x0000000000013481       0x2e ./Core/Src/main.o
 .debug_macro   0x00000000000134af      0x1a7 ./Core/Src/main.o
 .debug_macro   0x0000000000013656       0x46 ./Core/Src/main.o
 .debug_macro   0x000000000001369c       0x4a ./Core/Src/main.o
 .debug_macro   0x00000000000136e6      0x11a ./Core/Src/main.o
 .debug_macro   0x0000000000013800       0x85 ./Core/Src/main.o
 .debug_macro   0x0000000000013885       0x89 ./Core/Src/main.o
 .debug_macro   0x000000000001390e      0x295 ./Core/Src/main.o
 .debug_macro   0x0000000000013ba3      0x126 ./Core/Src/main.o
 .debug_macro   0x0000000000013cc9       0x58 ./Core/Src/main.o
 .debug_macro   0x0000000000013d21       0x82 ./Core/Src/main.o
 .debug_macro   0x0000000000013da3       0x61 ./Core/Src/main.o
 .debug_macro   0x0000000000013e04       0x2a ./Core/Src/main.o
 .debug_macro   0x0000000000013e2e       0x43 ./Core/Src/main.o
 .debug_macro   0x0000000000013e71       0x34 ./Core/Src/main.o
 .debug_macro   0x0000000000013ea5       0x16 ./Core/Src/main.o
 .debug_macro   0x0000000000013ebb       0x35 ./Core/Src/main.o
 .debug_macro   0x0000000000013ef0      0x369 ./Core/Src/main.o
 .debug_macro   0x0000000000014259       0x10 ./Core/Src/main.o
 .debug_macro   0x0000000000014269       0x16 ./Core/Src/main.o
 .debug_macro   0x000000000001427f       0x43 ./Core/Src/main.o
 .debug_macro   0x00000000000142c2       0x34 ./Core/Src/main.o
 .debug_macro   0x00000000000142f6       0x10 ./Core/Src/main.o
 .debug_macro   0x0000000000014306       0x58 ./Core/Src/main.o
 .debug_macro   0x000000000001435e       0x8e ./Core/Src/main.o
 .debug_macro   0x00000000000143ec       0x1c ./Core/Src/main.o
 .debug_macro   0x0000000000014408      0x177 ./Core/Src/main.o
 .debug_macro   0x000000000001457f       0x16 ./Core/Src/main.o
 .debug_macro   0x0000000000014595       0x16 ./Core/Src/main.o
 .debug_macro   0x00000000000145ab      0x147 ./Core/Src/main.o
 .debug_macro   0x00000000000146f2      0x1ec ./Core/Src/stm32f4xx_hal_msp.o
 .debug_macro   0x00000000000148de      0x1f6 ./Core/Src/stm32f4xx_it.o
 .debug_macro   0x0000000000014ad4      0x274 ./Core/Src/syscalls.o
 .debug_macro   0x0000000000014d48       0x5b ./Core/Src/syscalls.o
 .debug_macro   0x0000000000014da3       0x94 ./Core/Src/syscalls.o
 .debug_macro   0x0000000000014e37       0x57 ./Core/Src/syscalls.o
 .debug_macro   0x0000000000014e8e       0x10 ./Core/Src/syscalls.o
 .debug_macro   0x0000000000014e9e       0x10 ./Core/Src/syscalls.o
 .debug_macro   0x0000000000014eae       0x10 ./Core/Src/syscalls.o
 .debug_macro   0x0000000000014ebe       0x10 ./Core/Src/syscalls.o
 .debug_macro   0x0000000000014ece       0x1c ./Core/Src/syscalls.o
 .debug_macro   0x0000000000014eea       0x52 ./Core/Src/syscalls.o
 .debug_macro   0x0000000000014f3c       0x22 ./Core/Src/syscalls.o
 .debug_macro   0x0000000000014f5e       0x10 ./Core/Src/syscalls.o
 .debug_macro   0x0000000000014f6e       0x52 ./Core/Src/syscalls.o
 .debug_macro   0x0000000000014fc0       0xcf ./Core/Src/syscalls.o
 .debug_macro   0x000000000001508f       0x1c ./Core/Src/syscalls.o
 .debug_macro   0x00000000000150ab       0x3d ./Core/Src/syscalls.o
 .debug_macro   0x00000000000150e8       0x35 ./Core/Src/syscalls.o
 .debug_macro   0x000000000001511d      0x12c ./Core/Src/syscalls.o
 .debug_macro   0x0000000000015249       0x16 ./Core/Src/syscalls.o
 .debug_macro   0x000000000001525f       0x16 ./Core/Src/syscalls.o
 .debug_macro   0x0000000000015275       0x29 ./Core/Src/syscalls.o
 .debug_macro   0x000000000001529e       0x10 ./Core/Src/syscalls.o
 .debug_macro   0x00000000000152ae      0x242 ./Core/Src/syscalls.o
 .debug_macro   0x00000000000154f0       0x1c ./Core/Src/syscalls.o
 .debug_macro   0x000000000001550c       0x10 ./Core/Src/syscalls.o
 .debug_macro   0x000000000001551c      0x18a ./Core/Src/syscalls.o
 .debug_macro   0x00000000000156a6       0x16 ./Core/Src/syscalls.o
 .debug_macro   0x00000000000156bc       0xce ./Core/Src/syscalls.o
 .debug_macro   0x000000000001578a       0xff ./Core/Src/sysmem.o
 .debug_macro   0x0000000000015889      0x23c ./Core/Src/sysmem.o
 .debug_macro   0x0000000000015ac5      0x1dd ./Core/Src/system_stm32f4xx.o
 .debug_macro   0x0000000000015ca2      0x23d ./Drivers/STM32F4xx_HAL_Driver/Src/stm32f4xx_hal.o
 .debug_macro   0x0000000000015edf      0x1dd ./Drivers/STM32F4xx_HAL_Driver/Src/stm32f4xx_hal_cortex.o
 .debug_macro   0x00000000000160bc      0x1dd ./Drivers/STM32F4xx_HAL_Driver/Src/stm32f4xx_hal_crc.o
 .debug_macro   0x0000000000016299      0x1e3 ./Drivers/STM32F4xx_HAL_Driver/Src/stm32f4xx_hal_dma.o
 .debug_macro   0x000000000001647c      0x1e3 ./Drivers/STM32F4xx_HAL_Driver/Src/stm32f4xx_hal_gpio.o
 .debug_macro   0x000000000001665f      0x1e5 ./Drivers/STM32F4xx_HAL_Driver/Src/stm32f4xx_hal_i2s.o
 .debug_macro   0x0000000000016844      0x1dd ./Drivers/STM32F4xx_HAL_Driver/Src/stm32f4xx_hal_i2s_ex.o
 .debug_macro   0x0000000000016a21      0x201 ./Drivers/STM32F4xx_HAL_Driver/Src/stm32f4xx_hal_rcc.o
 .debug_macro   0x0000000000016c22      0x1dd ./Drivers/STM32F4xx_HAL_Driver/Src/stm32f4xx_hal_rcc_ex.o
 .debug_macro   0x0000000000016dff      0x1de ./Drivers/STM32F4xx_HAL_Driver/Src/stm32f4xx_hal_uart.o
 .debug_macro   0x0000000000016fdd      0x1ff ./PDM2PCM/App/pdm2pcm.o

.debug_line     0x0000000000000000     0xd4a2
 .debug_line    0x0000000000000000      0xa6b ./Core/Src/main.o
 .debug_line    0x0000000000000a6b      0x7c5 ./Core/Src/stm32f4xx_hal_msp.o
 .debug_line    0x0000000000001230      0x77d ./Core/Src/stm32f4xx_it.o
 .debug_line    0x00000000000019ad      0x7dd ./Core/Src/syscalls.o
 .debug_line    0x000000000000218a      0x4ae ./Core/Src/sysmem.o
 .debug_line    0x0000000000002638      0x724 ./Core/Src/system_stm32f4xx.o
 .debug_line    0x0000000000002d5c       0x7a ./Core/Startup/startup_stm32f411retx.o
 .debug_line    0x0000000000002dd6      0x98a ./Drivers/STM32F4xx_HAL_Driver/Src/stm32f4xx_hal.o
 .debug_line    0x0000000000003760      0xc39 ./Drivers/STM32F4xx_HAL_Driver/Src/stm32f4xx_hal_cortex.o
 .debug_line    0x0000000000004399      0x7e9 ./Drivers/STM32F4xx_HAL_Driver/Src/stm32f4xx_hal_crc.o
 .debug_line    0x0000000000004b82      0xeee ./Drivers/STM32F4xx_HAL_Driver/Src/stm32f4xx_hal_dma.o
 .debug_line    0x0000000000005a70      0xac2 ./Drivers/STM32F4xx_HAL_Driver/Src/stm32f4xx_hal_gpio.o
 .debug_line    0x0000000000006532     0x1322 ./Drivers/STM32F4xx_HAL_Driver/Src/stm32f4xx_hal_i2s.o
 .debug_line    0x0000000000007854     0x1422 ./Drivers/STM32F4xx_HAL_Driver/Src/stm32f4xx_hal_i2s_ex.o
 .debug_line    0x0000000000008c76      0xd03 ./Drivers/STM32F4xx_HAL_Driver/Src/stm32f4xx_hal_rcc.o
 .debug_line    0x0000000000009979      0x9e4 ./Drivers/STM32F4xx_HAL_Driver/Src/stm32f4xx_hal_rcc_ex.o
 .debug_line    0x000000000000a35d     0x2a2c ./Drivers/STM32F4xx_HAL_Driver/Src/stm32f4xx_hal_uart.o
 .debug_line    0x000000000000cd89      0x719 ./PDM2PCM/App/pdm2pcm.o

.debug_str      0x0000000000000000    0x89adf