../Drivers/CMSIS/Include/core_cm4.h:2064:26:ITM_SendChar	16	static,ignoring_inline_asm
../Core/Src/main.c:82:6:myprintf	16	static
../Core/Src/main.c:98:5:main	8	static
../Core/Src/main.c:156:6:SystemClock_Config	88	static
../Core/Src/main.c:202:13:MX_CRC_Init	8	static
../Core/Src/main.c:229:13:MX_I2S2_Init	8	static
../Core/Src/main.c:263:13:MX_SPI5_Init	8	static
../Core/Src/main.c:301:13:MX_USART2_UART_Init	8	static
../Core/Src/main.c:332:13:MX_DMA_Init	16	static
../Core/Src/main.c:350:13:MX_GPIO_Init	48	static
../Core/Src/main.c:393:5:_write	32	static
../Core/Src/main.c:401:6:HAL_I2S_RxCpltCallback	16	static
../Core/Src/main.c:409:6:HAL_I2SRxHalfCpltCallback	16	static
../Core/Src/main.c:418:6:Error_Handler	4	static,ignoring_inline_asm
