../Drivers/CMSIS/Include/core_cm4.h:2064:26:ITM_SendChar	16	static,ignoring_inline_asm
../Core/Src/main.c:80:5:main	8	static
../Core/Src/main.c:130:6:SystemClock_Config	88	static
../Core/Src/main.c:176:13:MX_CRC_Init	8	static
../Core/Src/main.c:203:13:MX_I2S2_Init	8	static
../Core/Src/main.c:237:13:MX_USART2_UART_Init	8	static
../Core/Src/main.c:268:13:MX_DMA_Init	16	static
../Core/Src/main.c:286:13:MX_GPIO_Init	48	static
../Core/Src/main.c:319:5:_write	32	static
../Core/Src/main.c:327:6:HAL_I2S_RxCpltCallback	16	static
../Core/Src/main.c:339:6:Error_Handler	4	static,ignoring_inline_asm
